Archive member included to satisfy reference by file (symbol)

c:/program files (x86)/gnu arm embedded toolchain/10 2021.10/bin/../lib/gcc/arm-none-eabi/10.3.1/thumb/v6-m/nofp\libgcc.a(_udivsi3.o)
                              build/system_stm32f0xx.o (__aeabi_uidiv)
c:/program files (x86)/gnu arm embedded toolchain/10 2021.10/bin/../lib/gcc/arm-none-eabi/10.3.1/thumb/v6-m/nofp\libgcc.a(_dvmd_tls.o)
                              c:/program files (x86)/gnu arm embedded toolchain/10 2021.10/bin/../lib/gcc/arm-none-eabi/10.3.1/thumb/v6-m/nofp\libgcc.a(_udivsi3.o) (__aeabi_idiv0)
c:/program files (x86)/gnu arm embedded toolchain/10 2021.10/bin/../lib/gcc/arm-none-eabi/10.3.1/../../../../arm-none-eabi/lib/thumb/v6-m/nofp\libc_nano.a(lib_a-errno.o)
                              build/sysmem.o (__errno)
c:/program files (x86)/gnu arm embedded toolchain/10 2021.10/bin/../lib/gcc/arm-none-eabi/10.3.1/../../../../arm-none-eabi/lib/thumb/v6-m/nofp\libc_nano.a(lib_a-exit.o)
                              c:/program files (x86)/gnu arm embedded toolchain/10 2021.10/bin/../lib/gcc/arm-none-eabi/10.3.1/../../../../arm-none-eabi/lib/thumb/v6-m/nofp/crt0.o (exit)
c:/program files (x86)/gnu arm embedded toolchain/10 2021.10/bin/../lib/gcc/arm-none-eabi/10.3.1/../../../../arm-none-eabi/lib/thumb/v6-m/nofp\libc_nano.a(lib_a-impure.o)
                              c:/program files (x86)/gnu arm embedded toolchain/10 2021.10/bin/../lib/gcc/arm-none-eabi/10.3.1/../../../../arm-none-eabi/lib/thumb/v6-m/nofp\libc_nano.a(lib_a-exit.o) (_global_impure_ptr)
c:/program files (x86)/gnu arm embedded toolchain/10 2021.10/bin/../lib/gcc/arm-none-eabi/10.3.1/../../../../arm-none-eabi/lib/thumb/v6-m/nofp\libc_nano.a(lib_a-init.o)
                              c:/program files (x86)/gnu arm embedded toolchain/10 2021.10/bin/../lib/gcc/arm-none-eabi/10.3.1/../../../../arm-none-eabi/lib/thumb/v6-m/nofp/crt0.o (__libc_init_array)
c:/program files (x86)/gnu arm embedded toolchain/10 2021.10/bin/../lib/gcc/arm-none-eabi/10.3.1/../../../../arm-none-eabi/lib/thumb/v6-m/nofp\libc_nano.a(lib_a-memcpy-stub.o)
                              build/oled_sh1106.o (memcpy)
c:/program files (x86)/gnu arm embedded toolchain/10 2021.10/bin/../lib/gcc/arm-none-eabi/10.3.1/../../../../arm-none-eabi/lib/thumb/v6-m/nofp\libc_nano.a(lib_a-memset.o)
                              c:/program files (x86)/gnu arm embedded toolchain/10 2021.10/bin/../lib/gcc/arm-none-eabi/10.3.1/../../../../arm-none-eabi/lib/thumb/v6-m/nofp/crt0.o (memset)

Discarded input sections

 .text          0x00000000        0x0 c:/program files (x86)/gnu arm embedded toolchain/10 2021.10/bin/../lib/gcc/arm-none-eabi/10.3.1/thumb/v6-m/nofp/crti.o
 .data          0x00000000        0x0 c:/program files (x86)/gnu arm embedded toolchain/10 2021.10/bin/../lib/gcc/arm-none-eabi/10.3.1/thumb/v6-m/nofp/crti.o
 .bss           0x00000000        0x0 c:/program files (x86)/gnu arm embedded toolchain/10 2021.10/bin/../lib/gcc/arm-none-eabi/10.3.1/thumb/v6-m/nofp/crti.o
 .data          0x00000000        0x4 c:/program files (x86)/gnu arm embedded toolchain/10 2021.10/bin/../lib/gcc/arm-none-eabi/10.3.1/thumb/v6-m/nofp/crtbegin.o
 .rodata        0x00000000       0x24 c:/program files (x86)/gnu arm embedded toolchain/10 2021.10/bin/../lib/gcc/arm-none-eabi/10.3.1/thumb/v6-m/nofp/crtbegin.o
 .text          0x00000000       0x80 c:/program files (x86)/gnu arm embedded toolchain/10 2021.10/bin/../lib/gcc/arm-none-eabi/10.3.1/../../../../arm-none-eabi/lib/thumb/v6-m/nofp/crt0.o
 .data          0x00000000        0x0 c:/program files (x86)/gnu arm embedded toolchain/10 2021.10/bin/../lib/gcc/arm-none-eabi/10.3.1/../../../../arm-none-eabi/lib/thumb/v6-m/nofp/crt0.o
 .bss           0x00000000        0x0 c:/program files (x86)/gnu arm embedded toolchain/10 2021.10/bin/../lib/gcc/arm-none-eabi/10.3.1/../../../../arm-none-eabi/lib/thumb/v6-m/nofp/crt0.o
 .ARM.extab     0x00000000        0x0 c:/program files (x86)/gnu arm embedded toolchain/10 2021.10/bin/../lib/gcc/arm-none-eabi/10.3.1/../../../../arm-none-eabi/lib/thumb/v6-m/nofp/crt0.o
 .ARM.exidx     0x00000000       0x10 c:/program files (x86)/gnu arm embedded toolchain/10 2021.10/bin/../lib/gcc/arm-none-eabi/10.3.1/../../../../arm-none-eabi/lib/thumb/v6-m/nofp/crt0.o
 .ARM.attributes
                0x00000000       0x1b c:/program files (x86)/gnu arm embedded toolchain/10 2021.10/bin/../lib/gcc/arm-none-eabi/10.3.1/../../../../arm-none-eabi/lib/thumb/v6-m/nofp/crt0.o
 .text          0x00000000        0x0 build/main.o
 .data          0x00000000        0x0 build/main.o
 .bss           0x00000000        0x0 build/main.o
 .text          0x00000000        0x0 build/oled_sh1106.o
 .data          0x00000000        0x0 build/oled_sh1106.o
 .bss           0x00000000        0x0 build/oled_sh1106.o
 .text.OLED_DrawFillRect
                0x00000000       0x32 build/oled_sh1106.o
 .text          0x00000000        0x0 build/stm32f0xx_it.o
 .data          0x00000000        0x0 build/stm32f0xx_it.o
 .bss           0x00000000        0x0 build/stm32f0xx_it.o
 .text          0x00000000        0x0 build/stm32f0xx_hal_msp.o
 .data          0x00000000        0x0 build/stm32f0xx_hal_msp.o
 .bss           0x00000000        0x0 build/stm32f0xx_hal_msp.o
 .text.HAL_I2C_MspDeInit
                0x00000000       0x3c build/stm32f0xx_hal_msp.o
 .text.HAL_TIM_Base_MspDeInit
                0x00000000       0x24 build/stm32f0xx_hal_msp.o
 .text          0x00000000        0x0 build/system_stm32f0xx.o
 .data          0x00000000        0x0 build/system_stm32f0xx.o
 .bss           0x00000000        0x0 build/system_stm32f0xx.o
 .text.SystemCoreClockUpdate
                0x00000000       0x90 build/system_stm32f0xx.o
 .rodata.APBPrescTable
                0x00000000        0x8 build/system_stm32f0xx.o
 .text          0x00000000        0x0 build/stm32f0xx_hal.o
 .data          0x00000000        0x0 build/stm32f0xx_hal.o
 .bss           0x00000000        0x0 build/stm32f0xx_hal.o
 .text.HAL_MspInit
                0x00000000        0x2 build/stm32f0xx_hal.o
 .text.HAL_MspDeInit
                0x00000000        0x2 build/stm32f0xx_hal.o
 .text.HAL_DeInit
                0x00000000       0x24 build/stm32f0xx_hal.o
 .text.HAL_GetTickPrio
                0x00000000        0xc build/stm32f0xx_hal.o
 .text.HAL_SetTickFreq
                0x00000000       0x2c build/stm32f0xx_hal.o
 .text.HAL_GetTickFreq
                0x00000000        0xc build/stm32f0xx_hal.o
 .text.HAL_SuspendTick
                0x00000000       0x10 build/stm32f0xx_hal.o
 .text.HAL_ResumeTick
                0x00000000       0x10 build/stm32f0xx_hal.o
 .text.HAL_GetHalVersion
                0x00000000        0x8 build/stm32f0xx_hal.o
 .text.HAL_GetREVID
                0x00000000        0xc build/stm32f0xx_hal.o
 .text.HAL_GetDEVID
                0x00000000       0x10 build/stm32f0xx_hal.o
 .text.HAL_GetUIDw0
                0x00000000        0xc build/stm32f0xx_hal.o
 .text.HAL_GetUIDw1
                0x00000000        0xc build/stm32f0xx_hal.o
 .text.HAL_GetUIDw2
                0x00000000        0xc build/stm32f0xx_hal.o
 .text.HAL_DBGMCU_EnableDBGStopMode
                0x00000000       0x10 build/stm32f0xx_hal.o
 .text.HAL_DBGMCU_DisableDBGStopMode
                0x00000000       0x10 build/stm32f0xx_hal.o
 .text.HAL_DBGMCU_EnableDBGStandbyMode
                0x00000000       0x10 build/stm32f0xx_hal.o
 .text.HAL_DBGMCU_DisableDBGStandbyMode
                0x00000000       0x10 build/stm32f0xx_hal.o
 .text          0x00000000        0x0 build/stm32f0xx_hal_rcc.o
 .data          0x00000000        0x0 build/stm32f0xx_hal_rcc.o
 .bss           0x00000000        0x0 build/stm32f0xx_hal_rcc.o
 .text.HAL_RCC_DeInit
                0x00000000       0xcc build/stm32f0xx_hal_rcc.o
 .text.HAL_RCC_MCOConfig
                0x00000000       0x54 build/stm32f0xx_hal_rcc.o
 .text.HAL_RCC_EnableCSS
                0x00000000       0x14 build/stm32f0xx_hal_rcc.o
 .text.HAL_RCC_DisableCSS
                0x00000000       0x14 build/stm32f0xx_hal_rcc.o
 .text.HAL_RCC_GetHCLKFreq
                0x00000000        0xc build/stm32f0xx_hal_rcc.o
 .text.HAL_RCC_GetPCLK1Freq
                0x00000000       0x20 build/stm32f0xx_hal_rcc.o
 .text.HAL_RCC_GetOscConfig
                0x00000000       0xc4 build/stm32f0xx_hal_rcc.o
 .text.HAL_RCC_GetClockConfig
                0x00000000       0x38 build/stm32f0xx_hal_rcc.o
 .text.HAL_RCC_CSSCallback
                0x00000000        0x2 build/stm32f0xx_hal_rcc.o
 .text.HAL_RCC_NMI_IRQHandler
                0x00000000       0x20 build/stm32f0xx_hal_rcc.o
 .text          0x00000000        0x0 build/stm32f0xx_hal_rcc_ex.o
 .data          0x00000000        0x0 build/stm32f0xx_hal_rcc_ex.o
 .bss           0x00000000        0x0 build/stm32f0xx_hal_rcc_ex.o
 .text.HAL_RCCEx_GetPeriphCLKConfig
                0x00000000       0x2c build/stm32f0xx_hal_rcc_ex.o
 .text.HAL_RCCEx_GetPeriphCLKFreq
                0x00000000       0xe8 build/stm32f0xx_hal_rcc_ex.o
 .text          0x00000000        0x0 build/stm32f0xx_hal_gpio.o
 .data          0x00000000        0x0 build/stm32f0xx_hal_gpio.o
 .bss           0x00000000        0x0 build/stm32f0xx_hal_gpio.o
 .text.HAL_GPIO_DeInit
                0x00000000       0xf4 build/stm32f0xx_hal_gpio.o
 .text.HAL_GPIO_TogglePin
                0x00000000       0x10 build/stm32f0xx_hal_gpio.o
 .text.HAL_GPIO_LockPin
                0x00000000       0x2c build/stm32f0xx_hal_gpio.o
 .text.HAL_GPIO_EXTI_Callback
                0x00000000        0x2 build/stm32f0xx_hal_gpio.o
 .text.HAL_GPIO_EXTI_IRQHandler
                0x00000000       0x1c build/stm32f0xx_hal_gpio.o
 .text          0x00000000        0x0 build/stm32f0xx_hal_dma.o
 .data          0x00000000        0x0 build/stm32f0xx_hal_dma.o
 .bss           0x00000000        0x0 build/stm32f0xx_hal_dma.o
 .text.DMA_SetConfig
                0x00000000       0x2a build/stm32f0xx_hal_dma.o
 .text.DMA_CalcBaseAndBitshift
                0x00000000       0x24 build/stm32f0xx_hal_dma.o
 .text.HAL_DMA_Init
                0x00000000       0x50 build/stm32f0xx_hal_dma.o
 .text.HAL_DMA_DeInit
                0x00000000       0x48 build/stm32f0xx_hal_dma.o
 .text.HAL_DMA_Start
                0x00000000       0x4e build/stm32f0xx_hal_dma.o
 .text.HAL_DMA_Start_IT
                0x00000000       0x76 build/stm32f0xx_hal_dma.o
 .text.HAL_DMA_Abort
                0x00000000       0x44 build/stm32f0xx_hal_dma.o
 .text.HAL_DMA_Abort_IT
                0x00000000       0x4a build/stm32f0xx_hal_dma.o
 .text.HAL_DMA_PollForTransfer
                0x00000000       0xc4 build/stm32f0xx_hal_dma.o
 .text.HAL_DMA_IRQHandler
                0x00000000       0xaa build/stm32f0xx_hal_dma.o
 .text.HAL_DMA_RegisterCallback
                0x00000000       0x54 build/stm32f0xx_hal_dma.o
 .text.HAL_DMA_UnRegisterCallback
                0x00000000       0x68 build/stm32f0xx_hal_dma.o
 .rodata.HAL_DMA_UnRegisterCallback
                0x00000000       0x14 build/stm32f0xx_hal_dma.o
 .text.HAL_DMA_GetState
                0x00000000        0x8 build/stm32f0xx_hal_dma.o
 .text.HAL_DMA_GetError
                0x00000000        0x4 build/stm32f0xx_hal_dma.o
 .debug_info    0x00000000      0x91b build/stm32f0xx_hal_dma.o
 .debug_abbrev  0x00000000      0x212 build/stm32f0xx_hal_dma.o
 .debug_loc     0x00000000      0xa87 build/stm32f0xx_hal_dma.o
 .debug_aranges
                0x00000000       0x88 build/stm32f0xx_hal_dma.o
 .debug_ranges  0x00000000       0x78 build/stm32f0xx_hal_dma.o
 .debug_line    0x00000000      0xa01 build/stm32f0xx_hal_dma.o
 .debug_str     0x00000000      0x609 build/stm32f0xx_hal_dma.o
 .comment       0x00000000       0x4a build/stm32f0xx_hal_dma.o
 .debug_frame   0x00000000      0x168 build/stm32f0xx_hal_dma.o
 .ARM.attributes
                0x00000000       0x2c build/stm32f0xx_hal_dma.o
 .text          0x00000000        0x0 build/stm32f0xx_hal_cortex.o
 .data          0x00000000        0x0 build/stm32f0xx_hal_cortex.o
 .bss           0x00000000        0x0 build/stm32f0xx_hal_cortex.o
 .text.HAL_NVIC_EnableIRQ
                0x00000000       0x18 build/stm32f0xx_hal_cortex.o
 .text.HAL_NVIC_DisableIRQ
                0x00000000       0x20 build/stm32f0xx_hal_cortex.o
 .text.HAL_NVIC_SystemReset
                0x00000000       0x1c build/stm32f0xx_hal_cortex.o
 .text.HAL_NVIC_GetPriority
                0x00000000       0x4c build/stm32f0xx_hal_cortex.o
 .text.HAL_NVIC_SetPendingIRQ
                0x00000000       0x1c build/stm32f0xx_hal_cortex.o
 .text.HAL_NVIC_GetPendingIRQ
                0x00000000       0x20 build/stm32f0xx_hal_cortex.o
 .text.HAL_NVIC_ClearPendingIRQ
                0x00000000       0x1c build/stm32f0xx_hal_cortex.o
 .text.HAL_SYSTICK_CLKSourceConfig
                0x00000000       0x20 build/stm32f0xx_hal_cortex.o
 .text.HAL_SYSTICK_Callback
                0x00000000        0x2 build/stm32f0xx_hal_cortex.o
 .text.HAL_SYSTICK_IRQHandler
                0x00000000        0x8 build/stm32f0xx_hal_cortex.o
 .text          0x00000000        0x0 build/stm32f0xx_hal_pwr.o
 .data          0x00000000        0x0 build/stm32f0xx_hal_pwr.o
 .bss           0x00000000        0x0 build/stm32f0xx_hal_pwr.o
 .text.HAL_PWR_DeInit
                0x00000000       0x20 build/stm32f0xx_hal_pwr.o
 .text.HAL_PWR_EnableBkUpAccess
                0x00000000       0x14 build/stm32f0xx_hal_pwr.o
 .text.HAL_PWR_DisableBkUpAccess
                0x00000000       0x14 build/stm32f0xx_hal_pwr.o
 .text.HAL_PWR_EnableWakeUpPin
                0x00000000       0x10 build/stm32f0xx_hal_pwr.o
 .text.HAL_PWR_DisableWakeUpPin
                0x00000000       0x10 build/stm32f0xx_hal_pwr.o
 .text.HAL_PWR_EnterSLEEPMode
                0x00000000       0x20 build/stm32f0xx_hal_pwr.o
 .text.HAL_PWR_EnterSTOPMode
                0x00000000       0x3c build/stm32f0xx_hal_pwr.o
 .text.HAL_PWR_EnterSTANDBYMode
                0x00000000       0x20 build/stm32f0xx_hal_pwr.o
 .text.HAL_PWR_EnableSleepOnExit
                0x00000000       0x10 build/stm32f0xx_hal_pwr.o
 .text.HAL_PWR_DisableSleepOnExit
                0x00000000       0x10 build/stm32f0xx_hal_pwr.o
 .text.HAL_PWR_EnableSEVOnPend
                0x00000000       0x10 build/stm32f0xx_hal_pwr.o
 .text.HAL_PWR_DisableSEVOnPend
                0x00000000       0x10 build/stm32f0xx_hal_pwr.o
 .debug_info    0x00000000      0x43f build/stm32f0xx_hal_pwr.o
 .debug_abbrev  0x00000000      0x16d build/stm32f0xx_hal_pwr.o
 .debug_loc     0x00000000       0xd0 build/stm32f0xx_hal_pwr.o
 .debug_aranges
                0x00000000       0x78 build/stm32f0xx_hal_pwr.o
 .debug_ranges  0x00000000       0x68 build/stm32f0xx_hal_pwr.o
 .debug_line    0x00000000      0x32b build/stm32f0xx_hal_pwr.o
 .debug_str     0x00000000      0x392 build/stm32f0xx_hal_pwr.o
 .comment       0x00000000       0x4a build/stm32f0xx_hal_pwr.o
 .debug_frame   0x00000000       0xd8 build/stm32f0xx_hal_pwr.o
 .ARM.attributes
                0x00000000       0x2c build/stm32f0xx_hal_pwr.o
 .text          0x00000000        0x0 build/stm32f0xx_hal_pwr_ex.o
 .data          0x00000000        0x0 build/stm32f0xx_hal_pwr_ex.o
 .bss           0x00000000        0x0 build/stm32f0xx_hal_pwr_ex.o
 .debug_info    0x00000000       0x6b build/stm32f0xx_hal_pwr_ex.o
 .debug_abbrev  0x00000000       0x26 build/stm32f0xx_hal_pwr_ex.o
 .debug_aranges
                0x00000000       0x18 build/stm32f0xx_hal_pwr_ex.o
 .debug_line    0x00000000       0x1d build/stm32f0xx_hal_pwr_ex.o
 .debug_str     0x00000000      0x18c build/stm32f0xx_hal_pwr_ex.o
 .comment       0x00000000       0x4a build/stm32f0xx_hal_pwr_ex.o
 .ARM.attributes
                0x00000000       0x2c build/stm32f0xx_hal_pwr_ex.o
 .text          0x00000000        0x0 build/stm32f0xx_hal_flash.o
 .data          0x00000000        0x0 build/stm32f0xx_hal_flash.o
 .bss           0x00000000        0x0 build/stm32f0xx_hal_flash.o
 .text.FLASH_Program_HalfWord
                0x00000000       0x20 build/stm32f0xx_hal_flash.o
 .text.FLASH_SetErrorCode
                0x00000000       0x40 build/stm32f0xx_hal_flash.o
 .text.HAL_FLASH_Program_IT
                0x00000000       0x68 build/stm32f0xx_hal_flash.o
 .text.HAL_FLASH_EndOfOperationCallback
                0x00000000        0x2 build/stm32f0xx_hal_flash.o
 .text.HAL_FLASH_OperationErrorCallback
                0x00000000        0x2 build/stm32f0xx_hal_flash.o
 .text.HAL_FLASH_IRQHandler
                0x00000000      0x154 build/stm32f0xx_hal_flash.o
 .text.HAL_FLASH_Unlock
                0x00000000       0x30 build/stm32f0xx_hal_flash.o
 .text.HAL_FLASH_Lock
                0x00000000       0x14 build/stm32f0xx_hal_flash.o
 .text.HAL_FLASH_OB_Unlock
                0x00000000       0x28 build/stm32f0xx_hal_flash.o
 .text.HAL_FLASH_OB_Lock
                0x00000000       0x18 build/stm32f0xx_hal_flash.o
 .text.HAL_FLASH_GetError
                0x00000000        0xc build/stm32f0xx_hal_flash.o
 .text.FLASH_WaitForLastOperation
                0x00000000       0x58 build/stm32f0xx_hal_flash.o
 .text.HAL_FLASH_Program
                0x00000000       0xa8 build/stm32f0xx_hal_flash.o
 .text.HAL_FLASH_OB_Launch
                0x00000000       0x20 build/stm32f0xx_hal_flash.o
 .bss.pFlash    0x00000000       0x20 build/stm32f0xx_hal_flash.o
 .debug_info    0x00000000      0x6c9 build/stm32f0xx_hal_flash.o
 .debug_abbrev  0x00000000      0x256 build/stm32f0xx_hal_flash.o
 .debug_loc     0x00000000      0x44f build/stm32f0xx_hal_flash.o
 .debug_aranges
                0x00000000       0x88 build/stm32f0xx_hal_flash.o
 .debug_ranges  0x00000000       0x78 build/stm32f0xx_hal_flash.o
 .debug_line    0x00000000      0x6e3 build/stm32f0xx_hal_flash.o
 .debug_str     0x00000000      0x500 build/stm32f0xx_hal_flash.o
 .comment       0x00000000       0x4a build/stm32f0xx_hal_flash.o
 .debug_frame   0x00000000      0x144 build/stm32f0xx_hal_flash.o
 .ARM.attributes
                0x00000000       0x2c build/stm32f0xx_hal_flash.o
 .text          0x00000000        0x0 build/stm32f0xx_hal_flash_ex.o
 .data          0x00000000        0x0 build/stm32f0xx_hal_flash_ex.o
 .bss           0x00000000        0x0 build/stm32f0xx_hal_flash_ex.o
 .text.FLASH_MassErase
                0x00000000       0x24 build/stm32f0xx_hal_flash_ex.o
 .text.FLASH_OB_GetWRP
                0x00000000        0xc build/stm32f0xx_hal_flash_ex.o
 .text.FLASH_OB_GetRDP
                0x00000000       0x20 build/stm32f0xx_hal_flash_ex.o
 .text.FLASH_OB_GetUser
                0x00000000       0x10 build/stm32f0xx_hal_flash_ex.o
 .text.FLASH_OB_RDP_LevelConfig
                0x00000000       0x64 build/stm32f0xx_hal_flash_ex.o
 .text.FLASH_OB_UserConfig
                0x00000000       0x48 build/stm32f0xx_hal_flash_ex.o
 .text.FLASH_OB_ProgramData
                0x00000000       0x40 build/stm32f0xx_hal_flash_ex.o
 .text.HAL_FLASHEx_OBErase
                0x00000000       0x50 build/stm32f0xx_hal_flash_ex.o
 .text.FLASH_OB_EnableWRP
                0x00000000       0x64 build/stm32f0xx_hal_flash_ex.o
 .text.FLASH_OB_DisableWRP
                0x00000000       0x64 build/stm32f0xx_hal_flash_ex.o
 .text.HAL_FLASHEx_OBProgram
                0x00000000       0x94 build/stm32f0xx_hal_flash_ex.o
 .text.HAL_FLASHEx_OBGetConfig
                0x00000000       0x1c build/stm32f0xx_hal_flash_ex.o
 .text.HAL_FLASHEx_OBGetUserData
                0x00000000       0x24 build/stm32f0xx_hal_flash_ex.o
 .text.FLASH_PageErase
                0x00000000       0x24 build/stm32f0xx_hal_flash_ex.o
 .text.HAL_FLASHEx_Erase
                0x00000000       0xa4 build/stm32f0xx_hal_flash_ex.o
 .text.HAL_FLASHEx_Erase_IT
                0x00000000       0x5c build/stm32f0xx_hal_flash_ex.o
 .debug_info    0x00000000      0x9fe build/stm32f0xx_hal_flash_ex.o
 .debug_abbrev  0x00000000      0x25c build/stm32f0xx_hal_flash_ex.o
 .debug_loc     0x00000000      0x825 build/stm32f0xx_hal_flash_ex.o
 .debug_aranges
                0x00000000       0x98 build/stm32f0xx_hal_flash_ex.o
 .debug_ranges  0x00000000       0x88 build/stm32f0xx_hal_flash_ex.o
 .debug_line    0x00000000      0x7d9 build/stm32f0xx_hal_flash_ex.o
 .debug_str     0x00000000      0x5ed build/stm32f0xx_hal_flash_ex.o
 .comment       0x00000000       0x4a build/stm32f0xx_hal_flash_ex.o
 .debug_frame   0x00000000      0x178 build/stm32f0xx_hal_flash_ex.o
 .ARM.attributes
                0x00000000       0x2c build/stm32f0xx_hal_flash_ex.o
 .text          0x00000000        0x0 build/stm32f0xx_hal_exti.o
 .data          0x00000000        0x0 build/stm32f0xx_hal_exti.o
 .bss           0x00000000        0x0 build/stm32f0xx_hal_exti.o
 .text.HAL_EXTI_SetConfigLine
                0x00000000       0xbc build/stm32f0xx_hal_exti.o
 .text.HAL_EXTI_GetConfigLine
                0x00000000       0xa0 build/stm32f0xx_hal_exti.o
 .text.HAL_EXTI_ClearConfigLine
                0x00000000       0x70 build/stm32f0xx_hal_exti.o
 .text.HAL_EXTI_RegisterCallback
                0x00000000        0xe build/stm32f0xx_hal_exti.o
 .text.HAL_EXTI_GetHandle
                0x00000000        0xe build/stm32f0xx_hal_exti.o
 .text.HAL_EXTI_IRQHandler
                0x00000000       0x28 build/stm32f0xx_hal_exti.o
 .text.HAL_EXTI_GetPending
                0x00000000       0x18 build/stm32f0xx_hal_exti.o
 .text.HAL_EXTI_ClearPending
                0x00000000       0x14 build/stm32f0xx_hal_exti.o
 .text.HAL_EXTI_GenerateSWI
                0x00000000       0x14 build/stm32f0xx_hal_exti.o
 .debug_info    0x00000000      0x5e5 build/stm32f0xx_hal_exti.o
 .debug_abbrev  0x00000000      0x1d1 build/stm32f0xx_hal_exti.o
 .debug_loc     0x00000000      0x53b build/stm32f0xx_hal_exti.o
 .debug_aranges
                0x00000000       0x60 build/stm32f0xx_hal_exti.o
 .debug_ranges  0x00000000       0x50 build/stm32f0xx_hal_exti.o
 .debug_line    0x00000000      0x5d1 build/stm32f0xx_hal_exti.o
 .debug_str     0x00000000      0x3b9 build/stm32f0xx_hal_exti.o
 .comment       0x00000000       0x4a build/stm32f0xx_hal_exti.o
 .debug_frame   0x00000000       0xcc build/stm32f0xx_hal_exti.o
 .ARM.attributes
                0x00000000       0x2c build/stm32f0xx_hal_exti.o
 .text          0x00000000        0x0 build/stm32f0xx_hal_i2c.o
 .data          0x00000000        0x0 build/stm32f0xx_hal_i2c.o
 .bss           0x00000000        0x0 build/stm32f0xx_hal_i2c.o
 .text.I2C_Enable_IRQ
                0x00000000       0x94 build/stm32f0xx_hal_i2c.o
 .text.I2C_Disable_IRQ
                0x00000000       0x6c build/stm32f0xx_hal_i2c.o
 .text.I2C_ConvertOtherXferOptions
                0x00000000       0x20 build/stm32f0xx_hal_i2c.o
 .text.I2C_RequestMemoryWrite
                0x00000000       0x78 build/stm32f0xx_hal_i2c.o
 .text.I2C_RequestMemoryRead
                0x00000000       0x74 build/stm32f0xx_hal_i2c.o
 .text.I2C_WaitOnRXNEFlagUntilTimeout
                0x00000000       0xa0 build/stm32f0xx_hal_i2c.o
 .text.HAL_I2C_MspInit
                0x00000000        0x2 build/stm32f0xx_hal_i2c.o
 .text.HAL_I2C_MspDeInit
                0x00000000        0x2 build/stm32f0xx_hal_i2c.o
 .text.HAL_I2C_DeInit
                0x00000000       0x32 build/stm32f0xx_hal_i2c.o
 .text.HAL_I2C_Master_Receive
                0x00000000      0x174 build/stm32f0xx_hal_i2c.o
 .text.HAL_I2C_Slave_Transmit
                0x00000000      0x20c build/stm32f0xx_hal_i2c.o
 .text.HAL_I2C_Slave_Receive
                0x00000000      0x190 build/stm32f0xx_hal_i2c.o
 .text.HAL_I2C_Master_Transmit_IT
                0x00000000       0xc4 build/stm32f0xx_hal_i2c.o
 .text.HAL_I2C_Master_Receive_IT
                0x00000000       0x94 build/stm32f0xx_hal_i2c.o
 .text.HAL_I2C_Slave_Transmit_IT
                0x00000000       0x90 build/stm32f0xx_hal_i2c.o
 .text.HAL_I2C_Slave_Receive_IT
                0x00000000       0x68 build/stm32f0xx_hal_i2c.o
 .text.HAL_I2C_Master_Transmit_DMA
                0x00000000      0x188 build/stm32f0xx_hal_i2c.o
 .text.HAL_I2C_Master_Receive_DMA
                0x00000000      0x150 build/stm32f0xx_hal_i2c.o
 .text.HAL_I2C_Slave_Transmit_DMA
                0x00000000      0x144 build/stm32f0xx_hal_i2c.o
 .text.HAL_I2C_Slave_Receive_DMA
                0x00000000       0xf8 build/stm32f0xx_hal_i2c.o
 .text.HAL_I2C_Mem_Write
                0x00000000      0x1a0 build/stm32f0xx_hal_i2c.o
 .text.HAL_I2C_Mem_Read
                0x00000000      0x1a8 build/stm32f0xx_hal_i2c.o
 .text.HAL_I2C_Mem_Write_IT
                0x00000000       0xd0 build/stm32f0xx_hal_i2c.o
 .text.HAL_I2C_Mem_Read_IT
                0x00000000       0xcc build/stm32f0xx_hal_i2c.o
 .text.HAL_I2C_Mem_Write_DMA
                0x00000000      0x158 build/stm32f0xx_hal_i2c.o
 .text.HAL_I2C_Mem_Read_DMA
                0x00000000      0x158 build/stm32f0xx_hal_i2c.o
 .text.HAL_I2C_IsDeviceReady
                0x00000000      0x15c build/stm32f0xx_hal_i2c.o
 .text.HAL_I2C_Master_Seq_Transmit_IT
                0x00000000      0x114 build/stm32f0xx_hal_i2c.o
 .text.HAL_I2C_Master_Seq_Transmit_DMA
                0x00000000      0x1e0 build/stm32f0xx_hal_i2c.o
 .text.HAL_I2C_Master_Seq_Receive_IT
                0x00000000       0xb8 build/stm32f0xx_hal_i2c.o
 .text.HAL_I2C_Master_Seq_Receive_DMA
                0x00000000      0x170 build/stm32f0xx_hal_i2c.o
 .text.HAL_I2C_Slave_Seq_Transmit_IT
                0x00000000       0xe0 build/stm32f0xx_hal_i2c.o
 .text.HAL_I2C_Slave_Seq_Transmit_DMA
                0x00000000      0x1ac build/stm32f0xx_hal_i2c.o
 .text.HAL_I2C_Slave_Seq_Receive_IT
                0x00000000       0xe4 build/stm32f0xx_hal_i2c.o
 .text.HAL_I2C_Slave_Seq_Receive_DMA
                0x00000000      0x1a8 build/stm32f0xx_hal_i2c.o
 .text.HAL_I2C_EnableListen_IT
                0x00000000       0x28 build/stm32f0xx_hal_i2c.o
 .text.HAL_I2C_DisableListen_IT
                0x00000000       0x34 build/stm32f0xx_hal_i2c.o
 .text.HAL_I2C_Master_Abort_IT
                0x00000000       0x88 build/stm32f0xx_hal_i2c.o
 .text.HAL_I2C_EV_IRQHandler
                0x00000000       0x12 build/stm32f0xx_hal_i2c.o
 .text.HAL_I2C_MasterTxCpltCallback
                0x00000000        0x2 build/stm32f0xx_hal_i2c.o
 .text.HAL_I2C_MasterRxCpltCallback
                0x00000000        0x2 build/stm32f0xx_hal_i2c.o
 .text.I2C_ITMasterSeqCplt
                0x00000000       0x52 build/stm32f0xx_hal_i2c.o
 .text.HAL_I2C_SlaveTxCpltCallback
                0x00000000        0x2 build/stm32f0xx_hal_i2c.o
 .text.HAL_I2C_SlaveRxCpltCallback
                0x00000000        0x2 build/stm32f0xx_hal_i2c.o
 .text.I2C_ITSlaveSeqCplt
                0x00000000       0x84 build/stm32f0xx_hal_i2c.o
 .text.I2C_DMASlaveTransmitCplt
                0x00000000       0x28 build/stm32f0xx_hal_i2c.o
 .text.I2C_DMASlaveReceiveCplt
                0x00000000       0x30 build/stm32f0xx_hal_i2c.o
 .text.HAL_I2C_AddrCallback
                0x00000000        0x2 build/stm32f0xx_hal_i2c.o
 .text.I2C_ITAddrCplt
                0x00000000       0xa4 build/stm32f0xx_hal_i2c.o
 .text.HAL_I2C_ListenCpltCallback
                0x00000000        0x2 build/stm32f0xx_hal_i2c.o
 .text.I2C_ITListenCplt
                0x00000000       0x68 build/stm32f0xx_hal_i2c.o
 .text.HAL_I2C_MemTxCpltCallback
                0x00000000        0x2 build/stm32f0xx_hal_i2c.o
 .text.HAL_I2C_MemRxCpltCallback
                0x00000000        0x2 build/stm32f0xx_hal_i2c.o
 .text.HAL_I2C_ErrorCallback
                0x00000000        0x2 build/stm32f0xx_hal_i2c.o
 .text.HAL_I2C_AbortCpltCallback
                0x00000000        0x2 build/stm32f0xx_hal_i2c.o
 .text.I2C_TreatErrorCallback
                0x00000000       0x2c build/stm32f0xx_hal_i2c.o
 .text.I2C_ITError
                0x00000000      0x134 build/stm32f0xx_hal_i2c.o
 .text.I2C_ITSlaveCplt
                0x00000000      0x1f8 build/stm32f0xx_hal_i2c.o
 .text.I2C_Slave_ISR_IT
                0x00000000      0x144 build/stm32f0xx_hal_i2c.o
 .text.I2C_ITMasterCplt
                0x00000000      0x118 build/stm32f0xx_hal_i2c.o
 .text.I2C_Master_ISR_IT
                0x00000000      0x19c build/stm32f0xx_hal_i2c.o
 .text.I2C_Mem_ISR_DMA
                0x00000000      0x1bc build/stm32f0xx_hal_i2c.o
 .text.I2C_Slave_ISR_DMA
                0x00000000      0x128 build/stm32f0xx_hal_i2c.o
 .text.I2C_Master_ISR_DMA
                0x00000000      0x150 build/stm32f0xx_hal_i2c.o
 .text.I2C_DMAError
                0x00000000       0x18 build/stm32f0xx_hal_i2c.o
 .text.I2C_DMAMasterTransmitCplt
                0x00000000       0x64 build/stm32f0xx_hal_i2c.o
 .text.I2C_DMAMasterReceiveCplt
                0x00000000       0x74 build/stm32f0xx_hal_i2c.o
 .text.I2C_Mem_ISR_IT
                0x00000000      0x1a8 build/stm32f0xx_hal_i2c.o
 .text.HAL_I2C_ER_IRQHandler
                0x00000000       0x5e build/stm32f0xx_hal_i2c.o
 .text.I2C_DMAAbort
                0x00000000       0x1e build/stm32f0xx_hal_i2c.o
 .text.HAL_I2C_GetState
                0x00000000        0x8 build/stm32f0xx_hal_i2c.o
 .text.HAL_I2C_GetMode
                0x00000000        0x8 build/stm32f0xx_hal_i2c.o
 .text.HAL_I2C_GetError
                0x00000000        0x4 build/stm32f0xx_hal_i2c.o
 .text          0x00000000        0x0 build/stm32f0xx_hal_i2c_ex.o
 .data          0x00000000        0x0 build/stm32f0xx_hal_i2c_ex.o
 .bss           0x00000000        0x0 build/stm32f0xx_hal_i2c_ex.o
 .text.HAL_I2CEx_EnableFastModePlus
                0x00000000       0x28 build/stm32f0xx_hal_i2c_ex.o
 .text.HAL_I2CEx_DisableFastModePlus
                0x00000000       0x28 build/stm32f0xx_hal_i2c_ex.o
 .text          0x00000000        0x0 build/stm32f0xx_hal_tim.o
 .data          0x00000000        0x0 build/stm32f0xx_hal_tim.o
 .bss           0x00000000        0x0 build/stm32f0xx_hal_tim.o
 .text.TIM_TI2_SetConfig
                0x00000000       0x38 build/stm32f0xx_hal_tim.o
 .text.TIM_TI3_SetConfig
                0x00000000       0x3c build/stm32f0xx_hal_tim.o
 .text.TIM_TI4_SetConfig
                0x00000000       0x44 build/stm32f0xx_hal_tim.o
 .text.HAL_TIM_Base_MspInit
                0x00000000        0x2 build/stm32f0xx_hal_tim.o
 .text.HAL_TIM_Base_MspDeInit
                0x00000000        0x2 build/stm32f0xx_hal_tim.o
 .text.HAL_TIM_Base_DeInit
                0x00000000       0x64 build/stm32f0xx_hal_tim.o
 .text.HAL_TIM_Base_Start
                0x00000000       0x50 build/stm32f0xx_hal_tim.o
 .text.HAL_TIM_Base_Stop
                0x00000000       0x2c build/stm32f0xx_hal_tim.o
 .text.HAL_TIM_Base_Start_IT
                0x00000000       0x58 build/stm32f0xx_hal_tim.o
 .text.HAL_TIM_Base_Stop_IT
                0x00000000       0x38 build/stm32f0xx_hal_tim.o
 .text.HAL_TIM_Base_Start_DMA
                0x00000000       0xa0 build/stm32f0xx_hal_tim.o
 .text.HAL_TIM_Base_Stop_DMA
                0x00000000       0x44 build/stm32f0xx_hal_tim.o
 .text.HAL_TIM_OC_MspInit
                0x00000000        0x2 build/stm32f0xx_hal_tim.o
 .text.HAL_TIM_OC_MspDeInit
                0x00000000        0x2 build/stm32f0xx_hal_tim.o
 .text.HAL_TIM_OC_DeInit
                0x00000000       0x64 build/stm32f0xx_hal_tim.o
 .text.HAL_TIM_PWM_MspDeInit
                0x00000000        0x2 build/stm32f0xx_hal_tim.o
 .text.HAL_TIM_PWM_DeInit
                0x00000000       0x64 build/stm32f0xx_hal_tim.o
 .text.HAL_TIM_IC_MspInit
                0x00000000        0x2 build/stm32f0xx_hal_tim.o
 .text.HAL_TIM_IC_MspDeInit
                0x00000000        0x2 build/stm32f0xx_hal_tim.o
 .text.HAL_TIM_IC_DeInit
                0x00000000       0x64 build/stm32f0xx_hal_tim.o
 .text.HAL_TIM_OnePulse_MspInit
                0x00000000        0x2 build/stm32f0xx_hal_tim.o
 .text.HAL_TIM_OnePulse_MspDeInit
                0x00000000        0x2 build/stm32f0xx_hal_tim.o
 .text.HAL_TIM_OnePulse_DeInit
                0x00000000       0x54 build/stm32f0xx_hal_tim.o
 .text.HAL_TIM_Encoder_MspInit
                0x00000000        0x2 build/stm32f0xx_hal_tim.o
 .text.HAL_TIM_Encoder_MspDeInit
                0x00000000        0x2 build/stm32f0xx_hal_tim.o
 .text.HAL_TIM_Encoder_DeInit
                0x00000000       0x54 build/stm32f0xx_hal_tim.o
 .text.HAL_TIM_DMABurst_MultiWriteStart
                0x00000000      0x1c0 build/stm32f0xx_hal_tim.o
 .text.HAL_TIM_DMABurst_WriteStart
                0x00000000       0x18 build/stm32f0xx_hal_tim.o
 .text.HAL_TIM_DMABurst_WriteStop
                0x00000000       0x90 build/stm32f0xx_hal_tim.o
 .text.HAL_TIM_DMABurst_MultiReadStart
                0x00000000      0x1c0 build/stm32f0xx_hal_tim.o
 .text.HAL_TIM_DMABurst_ReadStart
                0x00000000       0x18 build/stm32f0xx_hal_tim.o
 .text.HAL_TIM_DMABurst_ReadStop
                0x00000000       0x90 build/stm32f0xx_hal_tim.o
 .text.HAL_TIM_GenerateEvent
                0x00000000       0x28 build/stm32f0xx_hal_tim.o
 .text.HAL_TIM_ConfigTI1Input
                0x00000000       0x10 build/stm32f0xx_hal_tim.o
 .text.HAL_TIM_ReadCapturedValue
                0x00000000       0x32 build/stm32f0xx_hal_tim.o
 .text.HAL_TIM_PeriodElapsedCallback
                0x00000000        0x2 build/stm32f0xx_hal_tim.o
 .text.TIM_DMAPeriodElapsedCplt
                0x00000000       0x18 build/stm32f0xx_hal_tim.o
 .text.HAL_TIM_PeriodElapsedHalfCpltCallback
                0x00000000        0x2 build/stm32f0xx_hal_tim.o
 .text.TIM_DMAPeriodElapsedHalfCplt
                0x00000000        0xa build/stm32f0xx_hal_tim.o
 .text.HAL_TIM_OC_DelayElapsedCallback
                0x00000000        0x2 build/stm32f0xx_hal_tim.o
 .text.HAL_TIM_IC_CaptureCallback
                0x00000000        0x2 build/stm32f0xx_hal_tim.o
 .text.TIM_DMACaptureCplt
                0x00000000       0x80 build/stm32f0xx_hal_tim.o
 .text.HAL_TIM_IC_CaptureHalfCpltCallback
                0x00000000        0x2 build/stm32f0xx_hal_tim.o
 .text.TIM_DMACaptureHalfCplt
                0x00000000       0x3e build/stm32f0xx_hal_tim.o
 .text.HAL_TIM_PWM_PulseFinishedCallback
                0x00000000        0x2 build/stm32f0xx_hal_tim.o
 .text.TIM_DMADelayPulseCplt
                0x00000000       0x70 build/stm32f0xx_hal_tim.o
 .text.HAL_TIM_PWM_PulseFinishedHalfCpltCallback
                0x00000000        0x2 build/stm32f0xx_hal_tim.o
 .text.TIM_DMADelayPulseHalfCplt
                0x00000000       0x3e build/stm32f0xx_hal_tim.o
 .text.HAL_TIM_TriggerCallback
                0x00000000        0x2 build/stm32f0xx_hal_tim.o
 .text.HAL_TIM_IRQHandler
                0x00000000      0x13e build/stm32f0xx_hal_tim.o
 .text.TIM_DMATriggerCplt
                0x00000000       0x18 build/stm32f0xx_hal_tim.o
 .text.HAL_TIM_TriggerHalfCpltCallback
                0x00000000        0x2 build/stm32f0xx_hal_tim.o
 .text.TIM_DMATriggerHalfCplt
                0x00000000        0xa build/stm32f0xx_hal_tim.o
 .text.HAL_TIM_ErrorCallback
                0x00000000        0x2 build/stm32f0xx_hal_tim.o
 .text.TIM_DMAError
                0x00000000       0x5c build/stm32f0xx_hal_tim.o
 .text.HAL_TIM_Base_GetState
                0x00000000        0x8 build/stm32f0xx_hal_tim.o
 .text.HAL_TIM_OC_GetState
                0x00000000        0x8 build/stm32f0xx_hal_tim.o
 .text.HAL_TIM_PWM_GetState
                0x00000000        0x8 build/stm32f0xx_hal_tim.o
 .text.HAL_TIM_IC_GetState
                0x00000000        0x8 build/stm32f0xx_hal_tim.o
 .text.HAL_TIM_OnePulse_GetState
                0x00000000        0x8 build/stm32f0xx_hal_tim.o
 .text.HAL_TIM_Encoder_GetState
                0x00000000        0x8 build/stm32f0xx_hal_tim.o
 .text.HAL_TIM_GetActiveChannel
                0x00000000        0x4 build/stm32f0xx_hal_tim.o
 .text.HAL_TIM_GetChannelState
                0x00000000       0x2c build/stm32f0xx_hal_tim.o
 .text.HAL_TIM_DMABurstState
                0x00000000        0x8 build/stm32f0xx_hal_tim.o
 .text.HAL_TIM_OC_Init
                0x00000000       0x58 build/stm32f0xx_hal_tim.o
 .text.HAL_TIM_IC_Init
                0x00000000       0x58 build/stm32f0xx_hal_tim.o
 .text.HAL_TIM_OnePulse_Init
                0x00000000       0x5e build/stm32f0xx_hal_tim.o
 .text.HAL_TIM_Encoder_Init
                0x00000000       0xbc build/stm32f0xx_hal_tim.o
 .text.HAL_TIM_OC_ConfigChannel
                0x00000000       0x5a build/stm32f0xx_hal_tim.o
 .text.TIM_TI1_SetConfig
                0x00000000       0x4c build/stm32f0xx_hal_tim.o
 .text.HAL_TIM_IC_ConfigChannel
                0x00000000       0xcc build/stm32f0xx_hal_tim.o
 .text.HAL_TIM_OnePulse_ConfigChannel
                0x00000000      0x108 build/stm32f0xx_hal_tim.o
 .text.HAL_TIM_ConfigOCrefClear
                0x00000000      0x130 build/stm32f0xx_hal_tim.o
 .text.TIM_SlaveTimer_SetConfig
                0x00000000       0xba build/stm32f0xx_hal_tim.o
 .text.HAL_TIM_SlaveConfigSynchro
                0x00000000       0x5c build/stm32f0xx_hal_tim.o
 .text.HAL_TIM_SlaveConfigSynchro_IT
                0x00000000       0x5c build/stm32f0xx_hal_tim.o
 .text.HAL_TIM_OC_Start
                0x00000000       0xe4 build/stm32f0xx_hal_tim.o
 .text.HAL_TIM_OC_Stop
                0x00000000       0x9c build/stm32f0xx_hal_tim.o
 .text.HAL_TIM_OC_Start_IT
                0x00000000      0x12c build/stm32f0xx_hal_tim.o
 .text.HAL_TIM_OC_Stop_IT
                0x00000000       0xec build/stm32f0xx_hal_tim.o
 .text.HAL_TIM_OC_Start_DMA
                0x00000000      0x23c build/stm32f0xx_hal_tim.o
 .text.HAL_TIM_OC_Stop_DMA
                0x00000000      0x114 build/stm32f0xx_hal_tim.o
 .text.HAL_TIM_PWM_Stop
                0x00000000       0x9c build/stm32f0xx_hal_tim.o
 .text.HAL_TIM_PWM_Start_IT
                0x00000000      0x12c build/stm32f0xx_hal_tim.o
 .text.HAL_TIM_PWM_Stop_IT
                0x00000000       0xec build/stm32f0xx_hal_tim.o
 .text.HAL_TIM_PWM_Start_DMA
                0x00000000      0x23c build/stm32f0xx_hal_tim.o
 .text.HAL_TIM_PWM_Stop_DMA
                0x00000000      0x114 build/stm32f0xx_hal_tim.o
 .text.HAL_TIM_IC_Start
                0x00000000       0xfc build/stm32f0xx_hal_tim.o
 .text.HAL_TIM_IC_Stop
                0x00000000       0x88 build/stm32f0xx_hal_tim.o
 .text.HAL_TIM_IC_Start_IT
                0x00000000      0x148 build/stm32f0xx_hal_tim.o
 .text.HAL_TIM_IC_Stop_IT
                0x00000000       0xd8 build/stm32f0xx_hal_tim.o
 .text.HAL_TIM_IC_Start_DMA
                0x00000000      0x22c build/stm32f0xx_hal_tim.o
 .text.HAL_TIM_IC_Stop_DMA
                0x00000000      0x100 build/stm32f0xx_hal_tim.o
 .text.HAL_TIM_OnePulse_Start
                0x00000000       0x90 build/stm32f0xx_hal_tim.o
 .text.HAL_TIM_OnePulse_Stop
                0x00000000       0x90 build/stm32f0xx_hal_tim.o
 .text.HAL_TIM_OnePulse_Start_IT
                0x00000000       0xa4 build/stm32f0xx_hal_tim.o
 .text.HAL_TIM_OnePulse_Stop_IT
                0x00000000       0xa4 build/stm32f0xx_hal_tim.o
 .text.HAL_TIM_Encoder_Start
                0x00000000       0xc8 build/stm32f0xx_hal_tim.o
 .text.HAL_TIM_Encoder_Stop
                0x00000000       0xd0 build/stm32f0xx_hal_tim.o
 .text.HAL_TIM_Encoder_Start_IT
                0x00000000       0xf0 build/stm32f0xx_hal_tim.o
 .text.HAL_TIM_Encoder_Stop_IT
                0x00000000       0xf8 build/stm32f0xx_hal_tim.o
 .text.HAL_TIM_Encoder_Start_DMA
                0x00000000      0x264 build/stm32f0xx_hal_tim.o
 .text.HAL_TIM_Encoder_Stop_DMA
                0x00000000      0x118 build/stm32f0xx_hal_tim.o
 .text          0x00000000        0x0 build/stm32f0xx_hal_tim_ex.o
 .data          0x00000000        0x0 build/stm32f0xx_hal_tim_ex.o
 .bss           0x00000000        0x0 build/stm32f0xx_hal_tim_ex.o
 .text.TIM_CCxNChannelCmd
                0x00000000       0x1a build/stm32f0xx_hal_tim_ex.o
 .text.TIM_DMAErrorCCxN
                0x00000000       0x44 build/stm32f0xx_hal_tim_ex.o
 .text.TIM_DMADelayPulseNCplt
                0x00000000       0x58 build/stm32f0xx_hal_tim_ex.o
 .text.HAL_TIMEx_HallSensor_MspInit
                0x00000000        0x2 build/stm32f0xx_hal_tim_ex.o
 .text.HAL_TIMEx_HallSensor_Init
                0x00000000       0xd0 build/stm32f0xx_hal_tim_ex.o
 .text.HAL_TIMEx_HallSensor_MspDeInit
                0x00000000        0x2 build/stm32f0xx_hal_tim_ex.o
 .text.HAL_TIMEx_HallSensor_DeInit
                0x00000000       0x54 build/stm32f0xx_hal_tim_ex.o
 .text.HAL_TIMEx_HallSensor_Start
                0x00000000       0x90 build/stm32f0xx_hal_tim_ex.o
 .text.HAL_TIMEx_HallSensor_Stop
                0x00000000       0x48 build/stm32f0xx_hal_tim_ex.o
 .text.HAL_TIMEx_HallSensor_Start_IT
                0x00000000       0x98 build/stm32f0xx_hal_tim_ex.o
 .text.HAL_TIMEx_HallSensor_Stop_IT
                0x00000000       0x50 build/stm32f0xx_hal_tim_ex.o
 .text.HAL_TIMEx_HallSensor_Start_DMA
                0x00000000       0xc4 build/stm32f0xx_hal_tim_ex.o
 .text.HAL_TIMEx_HallSensor_Stop_DMA
                0x00000000       0x54 build/stm32f0xx_hal_tim_ex.o
 .text.HAL_TIMEx_OCN_Start
                0x00000000       0xc8 build/stm32f0xx_hal_tim_ex.o
 .text.HAL_TIMEx_OCN_Stop
                0x00000000       0x7c build/stm32f0xx_hal_tim_ex.o
 .text.HAL_TIMEx_OCN_Start_IT
                0x00000000      0x108 build/stm32f0xx_hal_tim_ex.o
 .text.HAL_TIMEx_OCN_Stop_IT
                0x00000000       0xc8 build/stm32f0xx_hal_tim_ex.o
 .text.HAL_TIMEx_OCN_Start_DMA
                0x00000000      0x1e4 build/stm32f0xx_hal_tim_ex.o
 .text.HAL_TIMEx_OCN_Stop_DMA
                0x00000000       0xd4 build/stm32f0xx_hal_tim_ex.o
 .text.HAL_TIMEx_PWMN_Start
                0x00000000       0xc8 build/stm32f0xx_hal_tim_ex.o
 .text.HAL_TIMEx_PWMN_Stop
                0x00000000       0x7c build/stm32f0xx_hal_tim_ex.o
 .text.HAL_TIMEx_PWMN_Start_IT
                0x00000000      0x108 build/stm32f0xx_hal_tim_ex.o
 .text.HAL_TIMEx_PWMN_Stop_IT
                0x00000000       0xc8 build/stm32f0xx_hal_tim_ex.o
 .text.HAL_TIMEx_PWMN_Start_DMA
                0x00000000      0x1e4 build/stm32f0xx_hal_tim_ex.o
 .text.HAL_TIMEx_PWMN_Stop_DMA
                0x00000000       0xd4 build/stm32f0xx_hal_tim_ex.o
 .text.HAL_TIMEx_OnePulseN_Start
                0x00000000       0x76 build/stm32f0xx_hal_tim_ex.o
 .text.HAL_TIMEx_OnePulseN_Stop
                0x00000000       0x78 build/stm32f0xx_hal_tim_ex.o
 .text.HAL_TIMEx_OnePulseN_Start_IT
                0x00000000       0x88 build/stm32f0xx_hal_tim_ex.o
 .text.HAL_TIMEx_OnePulseN_Stop_IT
                0x00000000       0x8c build/stm32f0xx_hal_tim_ex.o
 .text.HAL_TIMEx_ConfigCommutEvent
                0x00000000       0x74 build/stm32f0xx_hal_tim_ex.o
 .text.HAL_TIMEx_ConfigCommutEvent_IT
                0x00000000       0x74 build/stm32f0xx_hal_tim_ex.o
 .text.HAL_TIMEx_ConfigCommutEvent_DMA
                0x00000000       0x90 build/stm32f0xx_hal_tim_ex.o
 .text.HAL_TIMEx_RemapConfig
                0x00000000       0x1e build/stm32f0xx_hal_tim_ex.o
 .text.HAL_TIMEx_CommutCallback
                0x00000000        0x2 build/stm32f0xx_hal_tim_ex.o
 .text.TIMEx_DMACommutationCplt
                0x00000000       0x10 build/stm32f0xx_hal_tim_ex.o
 .text.HAL_TIMEx_CommutHalfCpltCallback
                0x00000000        0x2 build/stm32f0xx_hal_tim_ex.o
 .text.TIMEx_DMACommutationHalfCplt
                0x00000000       0x10 build/stm32f0xx_hal_tim_ex.o
 .text.HAL_TIMEx_BreakCallback
                0x00000000        0x2 build/stm32f0xx_hal_tim_ex.o
 .text.HAL_TIMEx_HallSensor_GetState
                0x00000000        0x8 build/stm32f0xx_hal_tim_ex.o
 .text.HAL_TIMEx_GetChannelNState
                0x00000000       0x2c build/stm32f0xx_hal_tim_ex.o
 .text          0x00000000        0x0 build/sysmem.o
 .data          0x00000000        0x0 build/sysmem.o
 .bss           0x00000000        0x0 build/sysmem.o
 .text._sbrk    0x00000000       0x48 build/sysmem.o
 .bss.__sbrk_heap_end
                0x00000000        0x4 build/sysmem.o
 .debug_info    0x00000000      0x18d build/sysmem.o
 .debug_abbrev  0x00000000       0xea build/sysmem.o
 .debug_loc     0x00000000       0xb3 build/sysmem.o
 .debug_aranges
                0x00000000       0x20 build/sysmem.o
 .debug_ranges  0x00000000       0x10 build/sysmem.o
 .debug_line    0x00000000      0x1e1 build/sysmem.o
 .debug_str     0x00000000      0x1fe build/sysmem.o
 .comment       0x00000000       0x4a build/sysmem.o
 .debug_frame   0x00000000       0x28 build/sysmem.o
 .ARM.attributes
                0x00000000       0x2c build/sysmem.o
 .text          0x00000000        0x0 build/syscalls.o
 .data          0x00000000        0x0 build/syscalls.o
 .bss           0x00000000        0x0 build/syscalls.o
 .text.initialise_monitor_handles
                0x00000000        0x2 build/syscalls.o
 .text._getpid  0x00000000        0x4 build/syscalls.o
 .text._kill    0x00000000       0x10 build/syscalls.o
 .text._exit    0x00000000        0xc build/syscalls.o
 .text._read    0x00000000       0x1c build/syscalls.o
 .text._write   0x00000000       0x1c build/syscalls.o
 .text._close   0x00000000        0x6 build/syscalls.o
 .text._fstat   0x00000000        0xa build/syscalls.o
 .text._isatty  0x00000000        0x4 build/syscalls.o
 .text._lseek   0x00000000        0x4 build/syscalls.o
 .text._open    0x00000000        0xa build/syscalls.o
 .text._wait    0x00000000       0x10 build/syscalls.o
 .text._unlink  0x00000000       0x10 build/syscalls.o
 .text._times   0x00000000        0x6 build/syscalls.o
 .text._stat    0x00000000        0xa build/syscalls.o
 .text._link    0x00000000       0x10 build/syscalls.o
 .text._fork    0x00000000       0x10 build/syscalls.o
 .text._execve  0x00000000       0x10 build/syscalls.o
 .bss.__env     0x00000000        0x4 build/syscalls.o
 .data.environ  0x00000000        0x4 build/syscalls.o
 .debug_info    0x00000000      0x840 build/syscalls.o
 .debug_abbrev  0x00000000      0x1cb build/syscalls.o
 .debug_loc     0x00000000      0x510 build/syscalls.o
 .debug_aranges
                0x00000000       0xa8 build/syscalls.o
 .debug_ranges  0x00000000       0x98 build/syscalls.o
 .debug_line    0x00000000      0x43d build/syscalls.o
 .debug_str     0x00000000      0x3d2 build/syscalls.o
 .comment       0x00000000       0x4a build/syscalls.o
 .debug_frame   0x00000000      0x184 build/syscalls.o
 .ARM.attributes
                0x00000000       0x2c build/syscalls.o
 .text          0x00000000       0x14 build/startup_stm32f030x6.o
 .data          0x00000000        0x0 build/startup_stm32f030x6.o
 .bss           0x00000000        0x0 build/startup_stm32f030x6.o
 .data          0x00000000        0x0 c:/program files (x86)/gnu arm embedded toolchain/10 2021.10/bin/../lib/gcc/arm-none-eabi/10.3.1/thumb/v6-m/nofp\libgcc.a(_udivsi3.o)
 .bss           0x00000000        0x0 c:/program files (x86)/gnu arm embedded toolchain/10 2021.10/bin/../lib/gcc/arm-none-eabi/10.3.1/thumb/v6-m/nofp\libgcc.a(_udivsi3.o)
 .data          0x00000000        0x0 c:/program files (x86)/gnu arm embedded toolchain/10 2021.10/bin/../lib/gcc/arm-none-eabi/10.3.1/thumb/v6-m/nofp\libgcc.a(_dvmd_tls.o)
 .bss           0x00000000        0x0 c:/program files (x86)/gnu arm embedded toolchain/10 2021.10/bin/../lib/gcc/arm-none-eabi/10.3.1/thumb/v6-m/nofp\libgcc.a(_dvmd_tls.o)
 .text          0x00000000        0x0 c:/program files (x86)/gnu arm embedded toolchain/10 2021.10/bin/../lib/gcc/arm-none-eabi/10.3.1/../../../../arm-none-eabi/lib/thumb/v6-m/nofp\libc_nano.a(lib_a-errno.o)
 .data          0x00000000        0x0 c:/program files (x86)/gnu arm embedded toolchain/10 2021.10/bin/../lib/gcc/arm-none-eabi/10.3.1/../../../../arm-none-eabi/lib/thumb/v6-m/nofp\libc_nano.a(lib_a-errno.o)
 .bss           0x00000000        0x0 c:/program files (x86)/gnu arm embedded toolchain/10 2021.10/bin/../lib/gcc/arm-none-eabi/10.3.1/../../../../arm-none-eabi/lib/thumb/v6-m/nofp\libc_nano.a(lib_a-errno.o)
 .text.__errno  0x00000000        0xc c:/program files (x86)/gnu arm embedded toolchain/10 2021.10/bin/../lib/gcc/arm-none-eabi/10.3.1/../../../../arm-none-eabi/lib/thumb/v6-m/nofp\libc_nano.a(lib_a-errno.o)
 .debug_frame   0x00000000       0x20 c:/program files (x86)/gnu arm embedded toolchain/10 2021.10/bin/../lib/gcc/arm-none-eabi/10.3.1/../../../../arm-none-eabi/lib/thumb/v6-m/nofp\libc_nano.a(lib_a-errno.o)
 .ARM.attributes
                0x00000000       0x2c c:/program files (x86)/gnu arm embedded toolchain/10 2021.10/bin/../lib/gcc/arm-none-eabi/10.3.1/../../../../arm-none-eabi/lib/thumb/v6-m/nofp\libc_nano.a(lib_a-errno.o)
 .text          0x00000000        0x0 c:/program files (x86)/gnu arm embedded toolchain/10 2021.10/bin/../lib/gcc/arm-none-eabi/10.3.1/../../../../arm-none-eabi/lib/thumb/v6-m/nofp\libc_nano.a(lib_a-exit.o)
 .data          0x00000000        0x0 c:/program files (x86)/gnu arm embedded toolchain/10 2021.10/bin/../lib/gcc/arm-none-eabi/10.3.1/../../../../arm-none-eabi/lib/thumb/v6-m/nofp\libc_nano.a(lib_a-exit.o)
 .bss           0x00000000        0x0 c:/program files (x86)/gnu arm embedded toolchain/10 2021.10/bin/../lib/gcc/arm-none-eabi/10.3.1/../../../../arm-none-eabi/lib/thumb/v6-m/nofp\libc_nano.a(lib_a-exit.o)
 .text.exit     0x00000000       0x2c c:/program files (x86)/gnu arm embedded toolchain/10 2021.10/bin/../lib/gcc/arm-none-eabi/10.3.1/../../../../arm-none-eabi/lib/thumb/v6-m/nofp\libc_nano.a(lib_a-exit.o)
 .debug_frame   0x00000000       0x28 c:/program files (x86)/gnu arm embedded toolchain/10 2021.10/bin/../lib/gcc/arm-none-eabi/10.3.1/../../../../arm-none-eabi/lib/thumb/v6-m/nofp\libc_nano.a(lib_a-exit.o)
 .ARM.attributes
                0x00000000       0x2c c:/program files (x86)/gnu arm embedded toolchain/10 2021.10/bin/../lib/gcc/arm-none-eabi/10.3.1/../../../../arm-none-eabi/lib/thumb/v6-m/nofp\libc_nano.a(lib_a-exit.o)
 .text          0x00000000        0x0 c:/program files (x86)/gnu arm embedded toolchain/10 2021.10/bin/../lib/gcc/arm-none-eabi/10.3.1/../../../../arm-none-eabi/lib/thumb/v6-m/nofp\libc_nano.a(lib_a-impure.o)
 .data          0x00000000        0x0 c:/program files (x86)/gnu arm embedded toolchain/10 2021.10/bin/../lib/gcc/arm-none-eabi/10.3.1/../../../../arm-none-eabi/lib/thumb/v6-m/nofp\libc_nano.a(lib_a-impure.o)
 .bss           0x00000000        0x0 c:/program files (x86)/gnu arm embedded toolchain/10 2021.10/bin/../lib/gcc/arm-none-eabi/10.3.1/../../../../arm-none-eabi/lib/thumb/v6-m/nofp\libc_nano.a(lib_a-impure.o)
 .data._impure_ptr
                0x00000000        0x4 c:/program files (x86)/gnu arm embedded toolchain/10 2021.10/bin/../lib/gcc/arm-none-eabi/10.3.1/../../../../arm-none-eabi/lib/thumb/v6-m/nofp\libc_nano.a(lib_a-impure.o)
 .data.impure_data
                0x00000000       0x60 c:/program files (x86)/gnu arm embedded toolchain/10 2021.10/bin/../lib/gcc/arm-none-eabi/10.3.1/../../../../arm-none-eabi/lib/thumb/v6-m/nofp\libc_nano.a(lib_a-impure.o)
 .rodata._global_impure_ptr
                0x00000000        0x4 c:/program files (x86)/gnu arm embedded toolchain/10 2021.10/bin/../lib/gcc/arm-none-eabi/10.3.1/../../../../arm-none-eabi/lib/thumb/v6-m/nofp\libc_nano.a(lib_a-impure.o)
 .ARM.attributes
                0x00000000       0x2c c:/program files (x86)/gnu arm embedded toolchain/10 2021.10/bin/../lib/gcc/arm-none-eabi/10.3.1/../../../../arm-none-eabi/lib/thumb/v6-m/nofp\libc_nano.a(lib_a-impure.o)
 .text          0x00000000        0x0 c:/program files (x86)/gnu arm embedded toolchain/10 2021.10/bin/../lib/gcc/arm-none-eabi/10.3.1/../../../../arm-none-eabi/lib/thumb/v6-m/nofp\libc_nano.a(lib_a-init.o)
 .data          0x00000000        0x0 c:/program files (x86)/gnu arm embedded toolchain/10 2021.10/bin/../lib/gcc/arm-none-eabi/10.3.1/../../../../arm-none-eabi/lib/thumb/v6-m/nofp\libc_nano.a(lib_a-init.o)
 .bss           0x00000000        0x0 c:/program files (x86)/gnu arm embedded toolchain/10 2021.10/bin/../lib/gcc/arm-none-eabi/10.3.1/../../../../arm-none-eabi/lib/thumb/v6-m/nofp\libc_nano.a(lib_a-init.o)
 .text          0x00000000        0x0 c:/program files (x86)/gnu arm embedded toolchain/10 2021.10/bin/../lib/gcc/arm-none-eabi/10.3.1/../../../../arm-none-eabi/lib/thumb/v6-m/nofp\libc_nano.a(lib_a-memcpy-stub.o)
 .data          0x00000000        0x0 c:/program files (x86)/gnu arm embedded toolchain/10 2021.10/bin/../lib/gcc/arm-none-eabi/10.3.1/../../../../arm-none-eabi/lib/thumb/v6-m/nofp\libc_nano.a(lib_a-memcpy-stub.o)
 .bss           0x00000000        0x0 c:/program files (x86)/gnu arm embedded toolchain/10 2021.10/bin/../lib/gcc/arm-none-eabi/10.3.1/../../../../arm-none-eabi/lib/thumb/v6-m/nofp\libc_nano.a(lib_a-memcpy-stub.o)
 .text          0x00000000        0x0 c:/program files (x86)/gnu arm embedded toolchain/10 2021.10/bin/../lib/gcc/arm-none-eabi/10.3.1/../../../../arm-none-eabi/lib/thumb/v6-m/nofp\libc_nano.a(lib_a-memset.o)
 .data          0x00000000        0x0 c:/program files (x86)/gnu arm embedded toolchain/10 2021.10/bin/../lib/gcc/arm-none-eabi/10.3.1/../../../../arm-none-eabi/lib/thumb/v6-m/nofp\libc_nano.a(lib_a-memset.o)
 .bss           0x00000000        0x0 c:/program files (x86)/gnu arm embedded toolchain/10 2021.10/bin/../lib/gcc/arm-none-eabi/10.3.1/../../../../arm-none-eabi/lib/thumb/v6-m/nofp\libc_nano.a(lib_a-memset.o)
 .text          0x00000000        0x0 c:/program files (x86)/gnu arm embedded toolchain/10 2021.10/bin/../lib/gcc/arm-none-eabi/10.3.1/thumb/v6-m/nofp/crtend.o
 .data          0x00000000        0x0 c:/program files (x86)/gnu arm embedded toolchain/10 2021.10/bin/../lib/gcc/arm-none-eabi/10.3.1/thumb/v6-m/nofp/crtend.o
 .bss           0x00000000        0x0 c:/program files (x86)/gnu arm embedded toolchain/10 2021.10/bin/../lib/gcc/arm-none-eabi/10.3.1/thumb/v6-m/nofp/crtend.o
 .rodata        0x00000000       0x24 c:/program files (x86)/gnu arm embedded toolchain/10 2021.10/bin/../lib/gcc/arm-none-eabi/10.3.1/thumb/v6-m/nofp/crtend.o
 .eh_frame      0x00000000        0x4 c:/program files (x86)/gnu arm embedded toolchain/10 2021.10/bin/../lib/gcc/arm-none-eabi/10.3.1/thumb/v6-m/nofp/crtend.o
 .ARM.attributes
                0x00000000       0x2c c:/program files (x86)/gnu arm embedded toolchain/10 2021.10/bin/../lib/gcc/arm-none-eabi/10.3.1/thumb/v6-m/nofp/crtend.o
 .text          0x00000000        0x0 c:/program files (x86)/gnu arm embedded toolchain/10 2021.10/bin/../lib/gcc/arm-none-eabi/10.3.1/thumb/v6-m/nofp/crtn.o
 .data          0x00000000        0x0 c:/program files (x86)/gnu arm embedded toolchain/10 2021.10/bin/../lib/gcc/arm-none-eabi/10.3.1/thumb/v6-m/nofp/crtn.o
 .bss           0x00000000        0x0 c:/program files (x86)/gnu arm embedded toolchain/10 2021.10/bin/../lib/gcc/arm-none-eabi/10.3.1/thumb/v6-m/nofp/crtn.o

Memory Configuration

Name             Origin             Length             Attributes
FLASH            0x08000000         0x00008000         xr
RAM              0x20000000         0x00001000         xrw
*default*        0x00000000         0xffffffff

Linker script and memory map

LOAD c:/program files (x86)/gnu arm embedded toolchain/10 2021.10/bin/../lib/gcc/arm-none-eabi/10.3.1/thumb/v6-m/nofp/crti.o
LOAD c:/program files (x86)/gnu arm embedded toolchain/10 2021.10/bin/../lib/gcc/arm-none-eabi/10.3.1/thumb/v6-m/nofp/crtbegin.o
LOAD c:/program files (x86)/gnu arm embedded toolchain/10 2021.10/bin/../lib/gcc/arm-none-eabi/10.3.1/../../../../arm-none-eabi/lib/thumb/v6-m/nofp/crt0.o
LOAD build/main.o
LOAD build/oled_sh1106.o
LOAD build/stm32f0xx_it.o
LOAD build/stm32f0xx_hal_msp.o
LOAD build/system_stm32f0xx.o
LOAD build/stm32f0xx_hal.o
LOAD build/stm32f0xx_hal_rcc.o
LOAD build/stm32f0xx_hal_rcc_ex.o
LOAD build/stm32f0xx_hal_gpio.o
LOAD build/stm32f0xx_hal_dma.o
LOAD build/stm32f0xx_hal_cortex.o
LOAD build/stm32f0xx_hal_pwr.o
LOAD build/stm32f0xx_hal_pwr_ex.o
LOAD build/stm32f0xx_hal_flash.o
LOAD build/stm32f0xx_hal_flash_ex.o
LOAD build/stm32f0xx_hal_exti.o
LOAD build/stm32f0xx_hal_i2c.o
LOAD build/stm32f0xx_hal_i2c_ex.o
LOAD build/stm32f0xx_hal_tim.o
LOAD build/stm32f0xx_hal_tim_ex.o
LOAD build/sysmem.o
LOAD build/syscalls.o
LOAD build/startup_stm32f030x6.o
START GROUP
LOAD c:/program files (x86)/gnu arm embedded toolchain/10 2021.10/bin/../lib/gcc/arm-none-eabi/10.3.1/thumb/v6-m/nofp\libgcc.a
LOAD c:/program files (x86)/gnu arm embedded toolchain/10 2021.10/bin/../lib/gcc/arm-none-eabi/10.3.1/../../../../arm-none-eabi/lib/thumb/v6-m/nofp\libc_nano.a
END GROUP
START GROUP
LOAD c:/program files (x86)/gnu arm embedded toolchain/10 2021.10/bin/../lib/gcc/arm-none-eabi/10.3.1/thumb/v6-m/nofp\libgcc.a
LOAD c:/program files (x86)/gnu arm embedded toolchain/10 2021.10/bin/../lib/gcc/arm-none-eabi/10.3.1/../../../../arm-none-eabi/lib/thumb/v6-m/nofp\libc_nano.a
END GROUP
LOAD c:/program files (x86)/gnu arm embedded toolchain/10 2021.10/bin/../lib/gcc/arm-none-eabi/10.3.1/thumb/v6-m/nofp/crtend.o
LOAD c:/program files (x86)/gnu arm embedded toolchain/10 2021.10/bin/../lib/gcc/arm-none-eabi/10.3.1/thumb/v6-m/nofp/crtn.o
                0x20001000                _estack = 0x20001000
                0x00000200                _Min_Heap_Size = 0x200
                0x00000400                _Min_Stack_Size = 0x400

.isr_vector     0x08000000       0xc0
                0x08000000                . = ALIGN (0x4)
 *(.isr_vector)
 .isr_vector    0x08000000       0xc0 build/startup_stm32f030x6.o
                0x08000000                g_pfnVectors
                0x080000c0                . = ALIGN (0x4)

.text           0x080000c0     0x222c
                0x080000c0                . = ALIGN (0x4)
 *(.text)
 .text          0x080000c0       0x48 c:/program files (x86)/gnu arm embedded toolchain/10 2021.10/bin/../lib/gcc/arm-none-eabi/10.3.1/thumb/v6-m/nofp/crtbegin.o
 .text          0x08000108      0x114 c:/program files (x86)/gnu arm embedded toolchain/10 2021.10/bin/../lib/gcc/arm-none-eabi/10.3.1/thumb/v6-m/nofp\libgcc.a(_udivsi3.o)
                0x08000108                __aeabi_uidiv
                0x08000108                __udivsi3
                0x08000214                __aeabi_uidivmod
 .text          0x0800021c        0x4 c:/program files (x86)/gnu arm embedded toolchain/10 2021.10/bin/../lib/gcc/arm-none-eabi/10.3.1/thumb/v6-m/nofp\libgcc.a(_dvmd_tls.o)
                0x0800021c                __aeabi_idiv0
                0x0800021c                __aeabi_ldiv0
 *(.text*)
 .text.MX_GPIO_Init
                0x08000220       0x78 build/main.o
 .text.Error_Handler
                0x08000298        0x4 build/main.o
                0x08000298                Error_Handler
 .text.MX_I2C1_Init
                0x0800029c       0x58 build/main.o
 .text.MX_TIM1_Init
                0x080002f4       0xe8 build/main.o
 .text.SystemClock_Config
                0x080003dc       0x72 build/main.o
                0x080003dc                SystemClock_Config
 *fill*         0x0800044e        0x2 
 .text.main     0x08000450      0x130 build/main.o
                0x08000450                main
 .text.WriteCmd
                0x08000580       0x24 build/oled_sh1106.o
 .text.WriteDataBurst
                0x080005a4       0x38 build/oled_sh1106.o
 .text.OLED_Clear
                0x080005dc       0x1c build/oled_sh1106.o
                0x080005dc                OLED_Clear
 .text.OLED_Refresh
                0x080005f8       0x38 build/oled_sh1106.o
                0x080005f8                OLED_Refresh
 .text.OLED_Init
                0x08000630       0xc4 build/oled_sh1106.o
                0x08000630                OLED_Init
 .text.OLED_SetPixel
                0x080006f4       0x40 build/oled_sh1106.o
                0x080006f4                OLED_SetPixel
 .text.OLED_ClearRect
                0x08000734       0x4a build/oled_sh1106.o
                0x08000734                OLED_ClearRect
 .text.OLED_DrawLineH
                0x0800077e       0x30 build/oled_sh1106.o
                0x0800077e                OLED_DrawLineH
 .text.OLED_DrawLineV
                0x080007ae       0x30 build/oled_sh1106.o
                0x080007ae                OLED_DrawLineV
 .text.OLED_DrawRect
                0x080007de       0x32 build/oled_sh1106.o
                0x080007de                OLED_DrawRect
 .text.OLED_DrawCircle
                0x08000810       0xbe build/oled_sh1106.o
                0x08000810                OLED_DrawCircle
 *fill*         0x080008ce        0x2 
 .text.OLED_DrawChar
                0x080008d0       0x74 build/oled_sh1106.o
                0x080008d0                OLED_DrawChar
 .text.OLED_DrawString
                0x08000944       0x46 build/oled_sh1106.o
                0x08000944                OLED_DrawString
 .text.NMI_Handler
                0x0800098a        0x2 build/stm32f0xx_it.o
                0x0800098a                NMI_Handler
 .text.HardFault_Handler
                0x0800098c        0x2 build/stm32f0xx_it.o
                0x0800098c                HardFault_Handler
 .text.SVC_Handler
                0x0800098e        0x2 build/stm32f0xx_it.o
                0x0800098e                SVC_Handler
 .text.PendSV_Handler
                0x08000990        0x2 build/stm32f0xx_it.o
                0x08000990                PendSV_Handler
 .text.SysTick_Handler
                0x08000992        0x8 build/stm32f0xx_it.o
                0x08000992                SysTick_Handler
 *fill*         0x0800099a        0x2 
 .text.HAL_MspInit
                0x0800099c       0x30 build/stm32f0xx_hal_msp.o
                0x0800099c                HAL_MspInit
 .text.HAL_I2C_MspInit
                0x080009cc       0x68 build/stm32f0xx_hal_msp.o
                0x080009cc                HAL_I2C_MspInit
 .text.HAL_TIM_Base_MspInit
                0x08000a34       0x2c build/stm32f0xx_hal_msp.o
                0x08000a34                HAL_TIM_Base_MspInit
 .text.HAL_TIM_MspPostInit
                0x08000a60       0x50 build/stm32f0xx_hal_msp.o
                0x08000a60                HAL_TIM_MspPostInit
 .text.SystemInit
                0x08000ab0        0x2 build/system_stm32f0xx.o
                0x08000ab0                SystemInit
 *fill*         0x08000ab2        0x2 
 .text.HAL_InitTick
                0x08000ab4       0x50 build/stm32f0xx_hal.o
                0x08000ab4                HAL_InitTick
 .text.HAL_Init
                0x08000b04       0x20 build/stm32f0xx_hal.o
                0x08000b04                HAL_Init
 .text.HAL_IncTick
                0x08000b24       0x18 build/stm32f0xx_hal.o
                0x08000b24                HAL_IncTick
 .text.HAL_GetTick
                0x08000b3c        0xc build/stm32f0xx_hal.o
                0x08000b3c                HAL_GetTick
 .text.HAL_Delay
                0x08000b48       0x24 build/stm32f0xx_hal.o
                0x08000b48                HAL_Delay
 .text.HAL_RCC_OscConfig
                0x08000b6c      0x49c build/stm32f0xx_hal_rcc.o
                0x08000b6c                HAL_RCC_OscConfig
 .text.HAL_RCC_GetSysClockFreq
                0x08001008       0x54 build/stm32f0xx_hal_rcc.o
                0x08001008                HAL_RCC_GetSysClockFreq
 .text.HAL_RCC_ClockConfig
                0x0800105c      0x134 build/stm32f0xx_hal_rcc.o
                0x0800105c                HAL_RCC_ClockConfig
 .text.HAL_RCCEx_PeriphCLKConfig
                0x08001190      0x11c build/stm32f0xx_hal_rcc_ex.o
                0x08001190                HAL_RCCEx_PeriphCLKConfig
 .text.HAL_GPIO_Init
                0x080012ac      0x18c build/stm32f0xx_hal_gpio.o
                0x080012ac                HAL_GPIO_Init
 .text.HAL_GPIO_ReadPin
                0x08001438        0xe build/stm32f0xx_hal_gpio.o
                0x08001438                HAL_GPIO_ReadPin
 .text.HAL_GPIO_WritePin
                0x08001446        0xc build/stm32f0xx_hal_gpio.o
                0x08001446                HAL_GPIO_WritePin
 *fill*         0x08001452        0x2 
 .text.HAL_NVIC_SetPriority
                0x08001454       0x60 build/stm32f0xx_hal_cortex.o
                0x08001454                HAL_NVIC_SetPriority
 .text.HAL_SYSTICK_Config
                0x080014b4       0x38 build/stm32f0xx_hal_cortex.o
                0x080014b4                HAL_SYSTICK_Config
 .text.I2C_Flush_TXDR
                0x080014ec       0x1e build/stm32f0xx_hal_i2c.o
 *fill*         0x0800150a        0x2 
 .text.I2C_TransferConfig
                0x0800150c       0x30 build/stm32f0xx_hal_i2c.o
 .text.I2C_IsErrorOccurred
                0x0800153c      0x118 build/stm32f0xx_hal_i2c.o
 .text.I2C_WaitOnTXISFlagUntilTimeout
                0x08001654       0x5a build/stm32f0xx_hal_i2c.o
 .text.I2C_WaitOnFlagUntilTimeout
                0x080016ae       0x8a build/stm32f0xx_hal_i2c.o
 .text.I2C_WaitOnSTOPFlagUntilTimeout
                0x08001738       0x5a build/stm32f0xx_hal_i2c.o
 *fill*         0x08001792        0x2 
 .text.HAL_I2C_Init
                0x08001794       0xdc build/stm32f0xx_hal_i2c.o
                0x08001794                HAL_I2C_Init
 .text.HAL_I2C_Master_Transmit
                0x08001870      0x198 build/stm32f0xx_hal_i2c.o
                0x08001870                HAL_I2C_Master_Transmit
 .text.HAL_I2CEx_ConfigAnalogFilter
                0x08001a08       0x58 build/stm32f0xx_hal_i2c_ex.o
                0x08001a08                HAL_I2CEx_ConfigAnalogFilter
 .text.HAL_I2CEx_ConfigDigitalFilter
                0x08001a60       0x54 build/stm32f0xx_hal_i2c_ex.o
                0x08001a60                HAL_I2CEx_ConfigDigitalFilter
 .text.TIM_OC1_SetConfig
                0x08001ab4       0x78 build/stm32f0xx_hal_tim.o
 .text.TIM_OC3_SetConfig
                0x08001b2c       0x88 build/stm32f0xx_hal_tim.o
 .text.TIM_OC4_SetConfig
                0x08001bb4       0x68 build/stm32f0xx_hal_tim.o
 .text.TIM_TI1_ConfigInputStage
                0x08001c1c       0x22 build/stm32f0xx_hal_tim.o
 *fill*         0x08001c3e        0x2 
 .text.TIM_TI2_ConfigInputStage
                0x08001c40       0x28 build/stm32f0xx_hal_tim.o
 .text.TIM_ITRx_SetConfig
                0x08001c68       0x10 build/stm32f0xx_hal_tim.o
 .text.HAL_TIM_PWM_MspInit
                0x08001c78        0x2 build/stm32f0xx_hal_tim.o
                0x08001c78                HAL_TIM_PWM_MspInit
 *fill*         0x08001c7a        0x2 
 .text.TIM_Base_SetConfig
                0x08001c7c       0x90 build/stm32f0xx_hal_tim.o
                0x08001c7c                TIM_Base_SetConfig
 .text.HAL_TIM_Base_Init
                0x08001d0c       0x58 build/stm32f0xx_hal_tim.o
                0x08001d0c                HAL_TIM_Base_Init
 .text.HAL_TIM_PWM_Init
                0x08001d64       0x58 build/stm32f0xx_hal_tim.o
                0x08001d64                HAL_TIM_PWM_Init
 .text.TIM_OC2_SetConfig
                0x08001dbc       0x80 build/stm32f0xx_hal_tim.o
                0x08001dbc                TIM_OC2_SetConfig
 .text.HAL_TIM_PWM_ConfigChannel
                0x08001e3c       0xf0 build/stm32f0xx_hal_tim.o
                0x08001e3c                HAL_TIM_PWM_ConfigChannel
 .text.TIM_ETR_SetConfig
                0x08001f2c       0x18 build/stm32f0xx_hal_tim.o
                0x08001f2c                TIM_ETR_SetConfig
 .text.HAL_TIM_ConfigClockSource
                0x08001f44      0x108 build/stm32f0xx_hal_tim.o
                0x08001f44                HAL_TIM_ConfigClockSource
 .text.TIM_CCxChannelCmd
                0x0800204c       0x1a build/stm32f0xx_hal_tim.o
                0x0800204c                TIM_CCxChannelCmd
 *fill*         0x08002066        0x2 
 .text.HAL_TIM_PWM_Start
                0x08002068       0xe4 build/stm32f0xx_hal_tim.o
                0x08002068                HAL_TIM_PWM_Start
 .text.HAL_TIMEx_MasterConfigSynchronization
                0x0800214c       0x5c build/stm32f0xx_hal_tim_ex.o
                0x0800214c                HAL_TIMEx_MasterConfigSynchronization
 .text.HAL_TIMEx_ConfigBreakDeadTime
                0x080021a8       0x6c build/stm32f0xx_hal_tim_ex.o
                0x080021a8                HAL_TIMEx_ConfigBreakDeadTime
 .text.Reset_Handler
                0x08002214       0x50 build/startup_stm32f030x6.o
                0x08002214                Reset_Handler
 .text.Default_Handler
                0x08002264        0x2 build/startup_stm32f030x6.o
                0x08002264                TIM1_CC_IRQHandler
                0x08002264                I2C1_IRQHandler
                0x08002264                SPI1_IRQHandler
                0x08002264                EXTI2_3_IRQHandler
                0x08002264                ADC1_IRQHandler
                0x08002264                TIM17_IRQHandler
                0x08002264                RTC_IRQHandler
                0x08002264                TIM16_IRQHandler
                0x08002264                TIM3_IRQHandler
                0x08002264                EXTI4_15_IRQHandler
                0x08002264                RCC_IRQHandler
                0x08002264                DMA1_Channel1_IRQHandler
                0x08002264                Default_Handler
                0x08002264                TIM14_IRQHandler
                0x08002264                DMA1_Channel4_5_IRQHandler
                0x08002264                EXTI0_1_IRQHandler
                0x08002264                WWDG_IRQHandler
                0x08002264                DMA1_Channel2_3_IRQHandler
                0x08002264                FLASH_IRQHandler
                0x08002264                USART1_IRQHandler
                0x08002264                TIM1_BRK_UP_TRG_COM_IRQHandler
 *fill*         0x08002266        0x2 
 .text.__libc_init_array
                0x08002268       0x48 c:/program files (x86)/gnu arm embedded toolchain/10 2021.10/bin/../lib/gcc/arm-none-eabi/10.3.1/../../../../arm-none-eabi/lib/thumb/v6-m/nofp\libc_nano.a(lib_a-init.o)
                0x08002268                __libc_init_array
 .text.memcpy   0x080022b0       0x12 c:/program files (x86)/gnu arm embedded toolchain/10 2021.10/bin/../lib/gcc/arm-none-eabi/10.3.1/../../../../arm-none-eabi/lib/thumb/v6-m/nofp\libc_nano.a(lib_a-memcpy-stub.o)
                0x080022b0                memcpy
 .text.memset   0x080022c2       0x10 c:/program files (x86)/gnu arm embedded toolchain/10 2021.10/bin/../lib/gcc/arm-none-eabi/10.3.1/../../../../arm-none-eabi/lib/thumb/v6-m/nofp\libc_nano.a(lib_a-memset.o)
                0x080022c2                memset
 *(.glue_7)
 .glue_7        0x080022d2        0x0 linker stubs
 *(.glue_7t)
 .glue_7t       0x080022d2        0x0 linker stubs
 *(.eh_frame)
 *fill*         0x080022d2        0x2 
 .eh_frame      0x080022d4        0x0 c:/program files (x86)/gnu arm embedded toolchain/10 2021.10/bin/../lib/gcc/arm-none-eabi/10.3.1/thumb/v6-m/nofp/crtbegin.o
 *(.init)
 .init          0x080022d4        0x4 c:/program files (x86)/gnu arm embedded toolchain/10 2021.10/bin/../lib/gcc/arm-none-eabi/10.3.1/thumb/v6-m/nofp/crti.o
                0x080022d4                _init
 .init          0x080022d8        0x8 c:/program files (x86)/gnu arm embedded toolchain/10 2021.10/bin/../lib/gcc/arm-none-eabi/10.3.1/thumb/v6-m/nofp/crtn.o
 *(.fini)
 .fini          0x080022e0        0x4 c:/program files (x86)/gnu arm embedded toolchain/10 2021.10/bin/../lib/gcc/arm-none-eabi/10.3.1/thumb/v6-m/nofp/crti.o
                0x080022e0                _fini
 .fini          0x080022e4        0x8 c:/program files (x86)/gnu arm embedded toolchain/10 2021.10/bin/../lib/gcc/arm-none-eabi/10.3.1/thumb/v6-m/nofp/crtn.o
                0x080022ec                . = ALIGN (0x4)
                0x080022ec                _etext = .

.vfp11_veneer   0x080022ec        0x0
 .vfp11_veneer  0x080022ec        0x0 linker stubs

.v4_bx          0x080022ec        0x0
 .v4_bx         0x080022ec        0x0 linker stubs

.iplt           0x080022ec        0x0
 .iplt          0x080022ec        0x0 c:/program files (x86)/gnu arm embedded toolchain/10 2021.10/bin/../lib/gcc/arm-none-eabi/10.3.1/thumb/v6-m/nofp/crtbegin.o

.rodata         0x080022ec      0x1b4
                0x080022ec                . = ALIGN (0x4)
 *(.rodata)
 *(.rodata*)
 .rodata.main.str1.4
                0x080022ec       0x1f build/main.o
 *fill*         0x0800230b        0x1 
 .rodata.font6x8
                0x0800230c      0x162 build/oled_sh1106.o
 *fill*         0x0800246e        0x2 
 .rodata.AHBPrescTable
                0x08002470       0x10 build/system_stm32f0xx.o
                0x08002470                AHBPrescTable
 .rodata.aPLLMULFactorTable.1
                0x08002480       0x10 build/stm32f0xx_hal_rcc.o
 .rodata.aPredivFactorTable.0
                0x08002490       0x10 build/stm32f0xx_hal_rcc.o
                0x080024a0                . = ALIGN (0x4)

.rel.dyn        0x080024a0        0x0
 .rel.iplt      0x080024a0        0x0 c:/program files (x86)/gnu arm embedded toolchain/10 2021.10/bin/../lib/gcc/arm-none-eabi/10.3.1/thumb/v6-m/nofp/crtbegin.o

.ARM.extab
 *(.ARM.extab* .gnu.linkonce.armextab.*)

.ARM.exidx      0x080024a0        0x0
                0x080024a0                __exidx_start = .
 *(.ARM.exidx*)
                0x080024a0                __exidx_end = .

.preinit_array  0x080024a0        0x0
                0x080024a0                PROVIDE (__preinit_array_start = .)
 *(.preinit_array*)
                0x080024a0                PROVIDE (__preinit_array_end = .)

.init_array     0x080024a0        0x4
                0x080024a0                PROVIDE (__init_array_start = .)
 *(SORT_BY_NAME(.init_array.*))
 *(.init_array*)
 .init_array    0x080024a0        0x4 c:/program files (x86)/gnu arm embedded toolchain/10 2021.10/bin/../lib/gcc/arm-none-eabi/10.3.1/thumb/v6-m/nofp/crtbegin.o
                0x080024a4                PROVIDE (__init_array_end = .)

.fini_array     0x080024a4        0x4
                [!provide]                PROVIDE (__fini_array_start = .)
 *(SORT_BY_NAME(.fini_array.*))
 *(.fini_array*)
 .fini_array    0x080024a4        0x4 c:/program files (x86)/gnu arm embedded toolchain/10 2021.10/bin/../lib/gcc/arm-none-eabi/10.3.1/thumb/v6-m/nofp/crtbegin.o
                [!provide]                PROVIDE (__fini_array_end = .)
                0x080024a8                _sidata = LOADADDR (.data)

.data           0x20000000        0xc load address 0x080024a8
                0x20000000                . = ALIGN (0x4)
                0x20000000                _sdata = .
 *(.data)
 *(.data*)
 .data.SystemCoreClock
                0x20000000        0x4 build/system_stm32f0xx.o
                0x20000000                SystemCoreClock
 .data.uwTickFreq
                0x20000004        0x1 build/stm32f0xx_hal.o
                0x20000004                uwTickFreq
 *fill*         0x20000005        0x3 
 .data.uwTickPrio
                0x20000008        0x4 build/stm32f0xx_hal.o
                0x20000008                uwTickPrio
                0x2000000c                . = ALIGN (0x4)
                0x2000000c                _edata = .

.igot.plt       0x2000000c        0x0 load address 0x080024b4
 .igot.plt      0x2000000c        0x0 c:/program files (x86)/gnu arm embedded toolchain/10 2021.10/bin/../lib/gcc/arm-none-eabi/10.3.1/thumb/v6-m/nofp/crtbegin.o

.bss            0x2000000c      0x540 load address 0x080024b4
                0x2000000c                . = ALIGN (0x4)
                0x2000000c                _sbss = .
                0x2000000c                __bss_start__ = _sbss
 *(.bss)
 .bss           0x2000000c       0x1c c:/program files (x86)/gnu arm embedded toolchain/10 2021.10/bin/../lib/gcc/arm-none-eabi/10.3.1/thumb/v6-m/nofp/crtbegin.o
 *(.bss*)
 .bss.hi2c1     0x20000028       0x54 build/main.o
                0x20000028                hi2c1
 .bss.htim1     0x2000007c       0x48 build/main.o
                0x2000007c                htim1
 .bss.s_fb      0x200000c4      0x400 build/oled_sh1106.o
 .bss.s_i2c_wr  0x200004c4       0x81 build/oled_sh1106.o
 *fill*         0x20000545        0x3 
 .bss.uwTick    0x20000548        0x4 build/stm32f0xx_hal.o
                0x20000548                uwTick
 *(COMMON)
                0x2000054c                . = ALIGN (0x4)
                0x2000054c                _ebss = .
                0x2000054c                __bss_end__ = _ebss

._user_heap_stack
                0x2000054c      0x604 load address 0x080024b4
                0x20000550                . = ALIGN (0x8)
 *fill*         0x2000054c        0x4 
                [!provide]                PROVIDE (end = .)
                0x20000550                PROVIDE (_end = .)
                0x20000750                . = (. + _Min_Heap_Size)
 *fill*         0x20000550      0x200 
                0x20000b50                . = (. + _Min_Stack_Size)
 *fill*         0x20000750      0x400 
                0x20000b50                . = ALIGN (0x8)

/DISCARD/
 libc.a(*)
 libm.a(*)
 libgcc.a(*)

.ARM.attributes
                0x00000000       0x28
 *(.ARM.attributes)
 .ARM.attributes
                0x00000000       0x1e c:/program files (x86)/gnu arm embedded toolchain/10 2021.10/bin/../lib/gcc/arm-none-eabi/10.3.1/thumb/v6-m/nofp/crti.o
 .ARM.attributes
                0x0000001e       0x2c c:/program files (x86)/gnu arm embedded toolchain/10 2021.10/bin/../lib/gcc/arm-none-eabi/10.3.1/thumb/v6-m/nofp/crtbegin.o
 .ARM.attributes
                0x0000004a       0x2c build/main.o
 .ARM.attributes
                0x00000076       0x2c build/oled_sh1106.o
 .ARM.attributes
                0x000000a2       0x2c build/stm32f0xx_it.o
 .ARM.attributes
                0x000000ce       0x2c build/stm32f0xx_hal_msp.o
 .ARM.attributes
                0x000000fa       0x2c build/system_stm32f0xx.o
 .ARM.attributes
                0x00000126       0x2c build/stm32f0xx_hal.o
 .ARM.attributes
                0x00000152       0x2c build/stm32f0xx_hal_rcc.o
 .ARM.attributes
                0x0000017e       0x2c build/stm32f0xx_hal_rcc_ex.o
 .ARM.attributes
                0x000001aa       0x2c build/stm32f0xx_hal_gpio.o
 .ARM.attributes
                0x000001d6       0x2c build/stm32f0xx_hal_cortex.o
 .ARM.attributes
                0x00000202       0x2c build/stm32f0xx_hal_i2c.o
 .ARM.attributes
                0x0000022e       0x2c build/stm32f0xx_hal_i2c_ex.o
 .ARM.attributes
                0x0000025a       0x2c build/stm32f0xx_hal_tim.o
 .ARM.attributes
                0x00000286       0x2c build/stm32f0xx_hal_tim_ex.o
 .ARM.attributes
                0x000002b2       0x21 build/startup_stm32f030x6.o
 .ARM.attributes
                0x000002d3       0x1e c:/program files (x86)/gnu arm embedded toolchain/10 2021.10/bin/../lib/gcc/arm-none-eabi/10.3.1/thumb/v6-m/nofp\libgcc.a(_udivsi3.o)
 .ARM.attributes
                0x000002f1       0x1e c:/program files (x86)/gnu arm embedded toolchain/10 2021.10/bin/../lib/gcc/arm-none-eabi/10.3.1/thumb/v6-m/nofp\libgcc.a(_dvmd_tls.o)
 .ARM.attributes
                0x0000030f       0x2c c:/program files (x86)/gnu arm embedded toolchain/10 2021.10/bin/../lib/gcc/arm-none-eabi/10.3.1/../../../../arm-none-eabi/lib/thumb/v6-m/nofp\libc_nano.a(lib_a-init.o)
 .ARM.attributes
                0x0000033b       0x2c c:/program files (x86)/gnu arm embedded toolchain/10 2021.10/bin/../lib/gcc/arm-none-eabi/10.3.1/../../../../arm-none-eabi/lib/thumb/v6-m/nofp\libc_nano.a(lib_a-memcpy-stub.o)
 .ARM.attributes
                0x00000367       0x2c c:/program files (x86)/gnu arm embedded toolchain/10 2021.10/bin/../lib/gcc/arm-none-eabi/10.3.1/../../../../arm-none-eabi/lib/thumb/v6-m/nofp\libc_nano.a(lib_a-memset.o)
 .ARM.attributes
                0x00000393       0x1e c:/program files (x86)/gnu arm embedded toolchain/10 2021.10/bin/../lib/gcc/arm-none-eabi/10.3.1/thumb/v6-m/nofp/crtn.o
OUTPUT(build/firmware.elf elf32-littlearm)
LOAD linker stubs
LOAD c:/program files (x86)/gnu arm embedded toolchain/10 2021.10/bin/../lib/gcc/arm-none-eabi/10.3.1/../../../../arm-none-eabi/lib/thumb/v6-m/nofp\libc.a
LOAD c:/program files (x86)/gnu arm embedded toolchain/10 2021.10/bin/../lib/gcc/arm-none-eabi/10.3.1/../../../../arm-none-eabi/lib/thumb/v6-m/nofp\libm.a
LOAD c:/program files (x86)/gnu arm embedded toolchain/10 2021.10/bin/../lib/gcc/arm-none-eabi/10.3.1/thumb/v6-m/nofp\libgcc.a

.debug_info     0x00000000    0x110ab
 .debug_info    0x00000000     0x185c build/main.o
 .debug_info    0x0000185c     0x13f8 build/oled_sh1106.o
 .debug_info    0x00002c54      0x103 build/stm32f0xx_it.o
 .debug_info    0x00002d57      0xeca build/stm32f0xx_hal_msp.o
 .debug_info    0x00003c21      0x2bc build/system_stm32f0xx.o
 .debug_info    0x00003edd      0x7ca build/stm32f0xx_hal.o
 .debug_info    0x000046a7      0xb28 build/stm32f0xx_hal_rcc.o
 .debug_info    0x000051cf      0x41c build/stm32f0xx_hal_rcc_ex.o
 .debug_info    0x000055eb      0x6c0 build/stm32f0xx_hal_gpio.o
 .debug_info    0x00005cab      0x88e build/stm32f0xx_hal_cortex.o
 .debug_info    0x00006539     0x462a build/stm32f0xx_hal_i2c.o
 .debug_info    0x0000ab63      0x919 build/stm32f0xx_hal_i2c_ex.o
 .debug_info    0x0000b47c     0x403e build/stm32f0xx_hal_tim.o
 .debug_info    0x0000f4ba     0x1bcf build/stm32f0xx_hal_tim_ex.o
 .debug_info    0x00011089       0x22 build/startup_stm32f030x6.o

.debug_abbrev   0x00000000     0x1e16
 .debug_abbrev  0x00000000      0x2bf build/main.o
 .debug_abbrev  0x000002bf      0x288 build/oled_sh1106.o
 .debug_abbrev  0x00000547       0x81 build/stm32f0xx_it.o
 .debug_abbrev  0x000005c8      0x1fc build/stm32f0xx_hal_msp.o
 .debug_abbrev  0x000007c4      0x134 build/system_stm32f0xx.o
 .debug_abbrev  0x000008f8      0x249 build/stm32f0xx_hal.o
 .debug_abbrev  0x00000b41      0x280 build/stm32f0xx_hal_rcc.o
 .debug_abbrev  0x00000dc1      0x1ab build/stm32f0xx_hal_rcc_ex.o
 .debug_abbrev  0x00000f6c      0x222 build/stm32f0xx_hal_gpio.o
 .debug_abbrev  0x0000118e      0x2ab build/stm32f0xx_hal_cortex.o
 .debug_abbrev  0x00001439      0x2c1 build/stm32f0xx_hal_i2c.o
 .debug_abbrev  0x000016fa      0x1c6 build/stm32f0xx_hal_i2c_ex.o
 .debug_abbrev  0x000018c0      0x2ae build/stm32f0xx_hal_tim.o
 .debug_abbrev  0x00001b6e      0x296 build/stm32f0xx_hal_tim_ex.o
 .debug_abbrev  0x00001e04       0x12 build/startup_stm32f030x6.o

.debug_loc      0x00000000    0x10dd0
 .debug_loc     0x00000000      0x117 build/main.o
 .debug_loc     0x00000117      0xcb0 build/oled_sh1106.o
 .debug_loc     0x00000dc7       0x20 build/stm32f0xx_it.o
 .debug_loc     0x00000de7      0x1ca build/stm32f0xx_hal_msp.o
 .debug_loc     0x00000fb1      0x187 build/system_stm32f0xx.o
 .debug_loc     0x00001138      0x1e1 build/stm32f0xx_hal.o
 .debug_loc     0x00001319      0x72c build/stm32f0xx_hal_rcc.o
 .debug_loc     0x00001a45      0x3e3 build/stm32f0xx_hal_rcc_ex.o
 .debug_loc     0x00001e28      0x420 build/stm32f0xx_hal_gpio.o
 .debug_loc     0x00002248      0x473 build/stm32f0xx_hal_cortex.o
 .debug_loc     0x000026bb     0x5cf7 build/stm32f0xx_hal_i2c.o
 .debug_loc     0x000083b2      0x1d2 build/stm32f0xx_hal_i2c_ex.o
 .debug_loc     0x00008584     0x618d build/stm32f0xx_hal_tim.o
 .debug_loc     0x0000e711     0x26bf build/stm32f0xx_hal_tim_ex.o

.debug_aranges  0x00000000      0xc08
 .debug_aranges
                0x00000000       0x48 build/main.o
 .debug_aranges
                0x00000048       0x88 build/oled_sh1106.o
 .debug_aranges
                0x000000d0       0x40 build/stm32f0xx_it.o
 .debug_aranges
                0x00000110       0x48 build/stm32f0xx_hal_msp.o
 .debug_aranges
                0x00000158       0x28 build/system_stm32f0xx.o
 .debug_aranges
                0x00000180       0xd0 build/stm32f0xx_hal.o
 .debug_aranges
                0x00000250       0x80 build/stm32f0xx_hal_rcc.o
 .debug_aranges
                0x000002d0       0x30 build/stm32f0xx_hal_rcc_ex.o
 .debug_aranges
                0x00000300       0x58 build/stm32f0xx_hal_gpio.o
 .debug_aranges
                0x00000358       0x78 build/stm32f0xx_hal_cortex.o
 .debug_aranges
                0x000003d0      0x2a0 build/stm32f0xx_hal_i2c.o
 .debug_aranges
                0x00000670       0x38 build/stm32f0xx_hal_i2c_ex.o
 .debug_aranges
                0x000006a8      0x3d0 build/stm32f0xx_hal_tim.o
 .debug_aranges
                0x00000a78      0x168 build/stm32f0xx_hal_tim_ex.o
 .debug_aranges
                0x00000be0       0x28 build/startup_stm32f030x6.o

.debug_ranges   0x00000000      0xcb8
 .debug_ranges  0x00000000       0x80 build/main.o
 .debug_ranges  0x00000080      0x138 build/oled_sh1106.o
 .debug_ranges  0x000001b8       0x30 build/stm32f0xx_it.o
 .debug_ranges  0x000001e8       0x38 build/stm32f0xx_hal_msp.o
 .debug_ranges  0x00000220       0x18 build/system_stm32f0xx.o
 .debug_ranges  0x00000238       0xc0 build/stm32f0xx_hal.o
 .debug_ranges  0x000002f8       0x88 build/stm32f0xx_hal_rcc.o
 .debug_ranges  0x00000380       0x38 build/stm32f0xx_hal_rcc_ex.o
 .debug_ranges  0x000003b8       0x48 build/stm32f0xx_hal_gpio.o
 .debug_ranges  0x00000400       0xc8 build/stm32f0xx_hal_cortex.o
 .debug_ranges  0x000004c8      0x290 build/stm32f0xx_hal_i2c.o
 .debug_ranges  0x00000758       0x28 build/stm32f0xx_hal_i2c_ex.o
 .debug_ranges  0x00000780      0x3c0 build/stm32f0xx_hal_tim.o
 .debug_ranges  0x00000b40      0x158 build/stm32f0xx_hal_tim_ex.o
 .debug_ranges  0x00000c98       0x20 build/startup_stm32f030x6.o

.debug_line     0x00000000     0xf22f
 .debug_line    0x00000000      0x667 build/main.o
 .debug_line    0x00000667      0x8a7 build/oled_sh1106.o
 .debug_line    0x00000f0e       0xf7 build/stm32f0xx_it.o
 .debug_line    0x00001005      0x365 build/stm32f0xx_hal_msp.o
 .debug_line    0x0000136a      0x227 build/system_stm32f0xx.o
 .debug_line    0x00001591      0x508 build/stm32f0xx_hal.o
 .debug_line    0x00001a99      0xb58 build/stm32f0xx_hal_rcc.o
 .debug_line    0x000025f1      0x48d build/stm32f0xx_hal_rcc_ex.o
 .debug_line    0x00002a7e      0x661 build/stm32f0xx_hal_gpio.o
 .debug_line    0x000030df      0x519 build/stm32f0xx_hal_cortex.o
 .debug_line    0x000035f8     0x52be build/stm32f0xx_hal_i2c.o
 .debug_line    0x000088b6      0x3a1 build/stm32f0xx_hal_i2c_ex.o
 .debug_line    0x00008c57     0x49f7 build/stm32f0xx_hal_tim.o
 .debug_line    0x0000d64e     0x1b6a build/stm32f0xx_hal_tim_ex.o
 .debug_line    0x0000f1b8       0x77 build/startup_stm32f030x6.o

.debug_str      0x00000000     0x36db
 .debug_str     0x00000000      0xe9f build/main.o
                                0xfa6 (size before relaxing)
 .debug_str     0x00000e9f       0xed build/oled_sh1106.o
                                0x7f7 (size before relaxing)
 .debug_str     0x00000f8c       0x6d build/stm32f0xx_it.o
                                0x1c1 (size before relaxing)
 .debug_str     0x00000ff9       0x9b build/stm32f0xx_hal_msp.o
                                0xa98 (size before relaxing)
 .debug_str     0x00001094       0x96 build/system_stm32f0xx.o
                                0x263 (size before relaxing)
 .debug_str     0x0000112a      0x407 build/stm32f0xx_hal.o
                                0x65a (size before relaxing)
 .debug_str     0x00001531      0x1d3 build/stm32f0xx_hal_rcc.o
                                0x647 (size before relaxing)
 .debug_str     0x00001704       0x94 build/stm32f0xx_hal_rcc_ex.o
                                0x39e (size before relaxing)
 .debug_str     0x00001798       0xf4 build/stm32f0xx_hal_gpio.o
                                0x3e6 (size before relaxing)
 .debug_str     0x0000188c      0x292 build/stm32f0xx_hal_cortex.o
                                0x5a5 (size before relaxing)
 .debug_str     0x00001b1e      0x8cd build/stm32f0xx_hal_i2c.o
                                0xfb2 (size before relaxing)
 .debug_str     0x000023eb       0x86 build/stm32f0xx_hal_i2c_ex.o
                                0x784 (size before relaxing)
 .debug_str     0x00002471      0xdd7 build/stm32f0xx_hal_tim.o
                               0x1635 (size before relaxing)
 .debug_str     0x00003248      0x46f build/stm32f0xx_hal_tim_ex.o
                                0xe26 (size before relaxing)
 .debug_str     0x000036b7       0x24 build/startup_stm32f030x6.o
                                 0x58 (size before relaxing)

.comment        0x00000000       0x49
 .comment       0x00000000       0x49 build/main.o
                                 0x4a (size before relaxing)
 .comment       0x00000049       0x4a build/oled_sh1106.o
 .comment       0x00000049       0x4a build/stm32f0xx_it.o
 .comment       0x00000049       0x4a build/stm32f0xx_hal_msp.o
 .comment       0x00000049       0x4a build/system_stm32f0xx.o
 .comment       0x00000049       0x4a build/stm32f0xx_hal.o
 .comment       0x00000049       0x4a build/stm32f0xx_hal_rcc.o
 .comment       0x00000049       0x4a build/stm32f0xx_hal_rcc_ex.o
 .comment       0x00000049       0x4a build/stm32f0xx_hal_gpio.o
 .comment       0x00000049       0x4a build/stm32f0xx_hal_cortex.o
 .comment       0x00000049       0x4a build/stm32f0xx_hal_i2c.o
 .comment       0x00000049       0x4a build/stm32f0xx_hal_i2c_ex.o
 .comment       0x00000049       0x4a build/stm32f0xx_hal_tim.o
 .comment       0x00000049       0x4a build/stm32f0xx_hal_tim_ex.o

.debug_frame    0x00000000     0x2130
 .debug_frame   0x00000000       0xa8 build/main.o
 .debug_frame   0x000000a8      0x1ac build/oled_sh1106.o
 .debug_frame   0x00000254       0x68 build/stm32f0xx_it.o
 .debug_frame   0x000002bc       0x98 build/stm32f0xx_hal_msp.o
 .debug_frame   0x00000354       0x38 build/system_stm32f0xx.o
 .debug_frame   0x0000038c      0x1ac build/stm32f0xx_hal.o
 .debug_frame   0x00000538      0x138 build/stm32f0xx_hal_rcc.o
 .debug_frame   0x00000670       0x58 build/stm32f0xx_hal_rcc_ex.o
 .debug_frame   0x000006c8       0xc0 build/stm32f0xx_hal_gpio.o
 .debug_frame   0x00000788       0xe4 build/stm32f0xx_hal_cortex.o
 .debug_frame   0x0000086c      0x8b4 build/stm32f0xx_hal_i2c.o
 .debug_frame   0x00001120       0x78 build/stm32f0xx_hal_i2c_ex.o
 .debug_frame   0x00001198      0xae4 build/stm32f0xx_hal_tim.o
 .debug_frame   0x00001c7c      0x420 build/stm32f0xx_hal_tim_ex.o
 .debug_frame   0x0000209c       0x20 c:/program files (x86)/gnu arm embedded toolchain/10 2021.10/bin/../lib/gcc/arm-none-eabi/10.3.1/thumb/v6-m/nofp\libgcc.a(_udivsi3.o)
 .debug_frame   0x000020bc       0x2c c:/program files (x86)/gnu arm embedded toolchain/10 2021.10/bin/../lib/gcc/arm-none-eabi/10.3.1/../../../../arm-none-eabi/lib/thumb/v6-m/nofp\libc_nano.a(lib_a-init.o)
 .debug_frame   0x000020e8       0x28 c:/program files (x86)/gnu arm embedded toolchain/10 2021.10/bin/../lib/gcc/arm-none-eabi/10.3.1/../../../../arm-none-eabi/lib/thumb/v6-m/nofp\libc_nano.a(lib_a-memcpy-stub.o)
 .debug_frame   0x00002110       0x20 c:/program files (x86)/gnu arm embedded toolchain/10 2021.10/bin/../lib/gcc/arm-none-eabi/10.3.1/../../../../arm-none-eabi/lib/thumb/v6-m/nofp\libc_nano.a(lib_a-memset.o)
